{
  "status": "completed",
  "wall_seconds": 3.75827631901484,
  "cpu_seconds": 3.4968329000000002,
  "cases": [
    {
      "arm": "uniform",
      "isolated": false,
      "exact": false,
      "parent_mutation_paths": [
        "/optimizer/state/0/step",
        "/optimizer/state/0/exp_avg",
        "/optimizer/state/0/exp_avg_sq",
        "/optimizer/state/1/step",
        "/optimizer/state/1/exp_avg",
        "/optimizer/state/1/exp_avg_sq"
      ],
      "different_fields": [
        "model",
        "optimizer",
        "gradient_audit"
      ]
    },
    {
      "arm": "uniform",
      "isolated": true,
      "exact": true,
      "parent_mutation_paths": [],
      "different_fields": []
    },
    {
      "arm": "min_snr_5",
      "isolated": false,
      "exact": false,
      "parent_mutation_paths": [
        "/optimizer/state/0/step",
        "/optimizer/state/0/exp_avg",
        "/optimizer/state/0/exp_avg_sq",
        "/optimizer/state/1/step",
        "/optimizer/state/1/exp_avg",
        "/optimizer/state/1/exp_avg_sq"
      ],
      "different_fields": [
        "model",
        "optimizer",
        "gradient_audit"
      ]
    },
    {
      "arm": "min_snr_5",
      "isolated": true,
      "exact": true,
      "parent_mutation_paths": [],
      "different_fields": []
    }
  ]
}
