{
  "soft_best": {
    "step": 3000,
    "metrics": {
      "TipValidAtK": 0.4479166666666667,
      "AnyTipValidAtK": 0.625,
      "UniqueClassifiedTipValidAtK": 0.75,
      "DuplicateClassifiedTipValidCount": 0.75,
      "UnknownTypeTipValidCount": 0.2916666666666667,
      "KnownReferenceTypeCoverageAtK": 0.3627450980392157,
      "TipClearAtK": 0.6458333333333334,
      "semantic_goal_accuracy": 0.65625,
      "AnySemanticGoalAtK": 0.7083333333333334,
      "candidate_matched_ADE_m": 0.1860745716030183,
      "candidate_endpoint_error_m": 0.04324873842541938
    }
  },
  "soft_last": {
    "step": 3000,
    "metrics": {
      "TipValidAtK": 0.4479166666666667,
      "AnyTipValidAtK": 0.625,
      "UniqueClassifiedTipValidAtK": 0.75,
      "DuplicateClassifiedTipValidCount": 0.75,
      "UnknownTypeTipValidCount": 0.2916666666666667,
      "KnownReferenceTypeCoverageAtK": 0.3627450980392157,
      "TipClearAtK": 0.6458333333333334,
      "semantic_goal_accuracy": 0.65625,
      "AnySemanticGoalAtK": 0.7083333333333334,
      "candidate_matched_ADE_m": 0.1860745716030183,
      "candidate_endpoint_error_m": 0.04324873842541938
    }
  },
  "peak_best": {
    "step": 1250,
    "metrics": {
      "TipValidAtK": 0.5208333333333334,
      "AnyTipValidAtK": 0.625,
      "UniqueClassifiedTipValidAtK": 1.125,
      "DuplicateClassifiedTipValidCount": 0.9583333333333334,
      "UnknownTypeTipValidCount": 0.0,
      "KnownReferenceTypeCoverageAtK": 0.6470588235294118,
      "TipClearAtK": 0.7395833333333334,
      "semantic_goal_accuracy": 0.6666666666666666,
      "AnySemanticGoalAtK": 0.6666666666666666,
      "candidate_matched_ADE_m": 0.18533314537742865,
      "candidate_endpoint_error_m": 0.06291933762638466
    }
  },
  "peak_last": {
    "step": 3000,
    "metrics": {
      "TipValidAtK": 0.4375,
      "AnyTipValidAtK": 0.6666666666666666,
      "UniqueClassifiedTipValidAtK": 0.875,
      "DuplicateClassifiedTipValidCount": 0.6666666666666666,
      "UnknownTypeTipValidCount": 0.20833333333333334,
      "KnownReferenceTypeCoverageAtK": 0.5098039215686274,
      "TipClearAtK": 0.5416666666666666,
      "semantic_goal_accuracy": 0.8020833333333334,
      "AnySemanticGoalAtK": 0.8333333333333334,
      "candidate_matched_ADE_m": 0.18297407435982124,
      "candidate_endpoint_error_m": 0.041146865600477096
    }
  }
}
