Traceback (most recent call last):
  File "/usr/lib/python3.8/runpy.py", line 194, in _run_module_as_main
    return _run_code(code, main_globals, None,
  File "/usr/lib/python3.8/runpy.py", line 87, in _run_code
    exec(code, run_globals)
  File "/home/wzy/dpvlm/route_set_v1/research_v2/releases/ef5bfd66a39cc0e637f372af79ce2c07ff6865c8/scripts/analyze_geometric_modes.py", line 169, in <module>
    if __name__=='__main__':main()
  File "/home/wzy/dpvlm/route_set_v1/research_v2/releases/ef5bfd66a39cc0e637f372af79ce2c07ff6865c8/scripts/analyze_geometric_modes.py", line 151, in main
    results[arm]=summary;write(a.output/(arm+'_rows.json'),rows)
  File "/home/wzy/dpvlm/route_set_v1/research_v2/releases/ef5bfd66a39cc0e637f372af79ce2c07ff6865c8/scripts/run_observed_probability.py", line 42, in write
    path.write_text(json.dumps(value, indent=2, allow_nan=False)+'\n')
  File "/usr/lib/python3.8/json/__init__.py", line 234, in dumps
    return cls(
  File "/usr/lib/python3.8/json/encoder.py", line 201, in encode
    chunks = list(chunks)
  File "/usr/lib/python3.8/json/encoder.py", line 429, in _iterencode
    yield from _iterencode_list(o, _current_indent_level)
  File "/usr/lib/python3.8/json/encoder.py", line 325, in _iterencode_list
    yield from chunks
  File "/usr/lib/python3.8/json/encoder.py", line 405, in _iterencode_dict
    yield from chunks
  File "/usr/lib/python3.8/json/encoder.py", line 438, in _iterencode
    o = _default(o)
  File "/usr/lib/python3.8/json/encoder.py", line 179, in default
    raise TypeError(f'Object of type {o.__class__.__name__} '
TypeError: Object of type int64 is not JSON serializable
