{
  "status": "passed",
  "script_sha256": "4ed4e17a7eb6a6f41fb616ffa99bcfbb6b3237c72659d119414d057fff20b447",
  "historical_release": "/home/wzy/dpvlm/route_set_v1/research_v2/releases/bb307709ecfb81b39eaf266012a64b7a9810bcc7",
  "new_release": "/home/wzy/dpvlm/route_set_v1/research_v2/releases/2dc026b8a34fecbb3688d26ff544165835ebd938",
  "historical_geometry_sha256": "9eaffa7c1f3f79f6a14486435327ed8846d4966d4299ecbd32c9241153881854",
  "new_geometry_sha256": "ae63c613b61e98727cae353aa222623840397f7918f22f7ad59aee12f26fca9f",
  "ordinary_route_head_source_unchanged": true,
  "all_initial_parameters_bit_identical": true,
  "initial_state_sha256": "d39c101fa1e88e5c872b05b082254d121456360e149cbf887b312eefe323e59b",
  "initial_seed": 0,
  "parameters": 1231965,
  "same_train_dataset_fingerprint": true,
  "checkpoint_sha256": "164d58c9521913f93ab1fbd009f97ef36a3db9f1a99ab269944f2260511ec49c",
  "historical_soft_complete_forward_bit_identical": true,
  "real_dev_examples": 2,
  "peak_mode_attention_bit_identical": true,
  "actual_completed_soft_sampler_state_reproduced": true,
  "training_batches": 1000,
  "batch_size": 32,
  "training_examples": 192,
  "sampled_index_sha256": "fbe18e2e0d4fd7067707fd3bf7219ca075c17b3c6e58f48330719ea0f78bbb81"
}
