{
  "status": "passed",
  "script_sha256": "6638acf0e585ba652b3f0191f7cea059896d39bbef9258c36ae9480b11b6edc8",
  "historical_release": "/home/wzy/dpvlm/route_set_v1/research_v2/releases/9c19288b0e2fb86b6bea42ac23758314134872c0",
  "new_release": "/home/wzy/dpvlm/route_set_v1/research_v2/releases/2dc026b8a34fecbb3688d26ff544165835ebd938",
  "historical_geometry_sha256": "9eaffa7c1f3f79f6a14486435327ed8846d4966d4299ecbd32c9241153881854",
  "new_geometry_sha256": "ae63c613b61e98727cae353aa222623840397f7918f22f7ad59aee12f26fca9f",
  "ordinary_route_head_source_unchanged": true,
  "all_initial_parameters_bit_identical": true,
  "initial_state_sha256": "d39c101fa1e88e5c872b05b082254d121456360e149cbf887b312eefe323e59b",
  "initial_seed": 0,
  "parameters": 1231965,
  "same_train_dataset_fingerprint": true,
  "checkpoint_sha256": "41e9b4568a885b0666f03ddfd85dc7de31e12ab9f3ca40cd95dc897e688bbec3",
  "historical_soft_complete_forward_bit_identical": true,
  "real_dev_examples": 2,
  "peak_mode_attention_bit_identical": true,
  "actual_completed_soft_sampler_state_reproduced": true,
  "training_batches": 1000,
  "batch_size": 32,
  "training_examples": 94,
  "sampled_index_sha256": "b95691c53daa2c5a52d2232f2e5c32184d3a63c574bf2ad635078eda8caadaf5"
}
