Looking in indexes: https://pypi.org/simple, https://download.pytorch.org/whl/cu121
Collecting torch==2.4.1+cu121 (from -r /home/wzy/dpvlm/route_set_v1/research_v2/releases/1b0348ef48393a2d98113956575e99388c40d4a6/configs/hamster3d_environment_v1.txt (line 1))
  Downloading https://download-r2.pytorch.org/whl/cu121/torch-2.4.1%2Bcu121-cp311-cp311-linux_x86_64.whl (799.0 MB)
     ━━━━━━━━━━━━━━━━━━━━━━━━━━━━━━━━━━━━━━━ 799.0/799.0 MB 9.0 MB/s eta 0:00:00
Collecting torchvision==0.19.1+cu121 (from -r /home/wzy/dpvlm/route_set_v1/research_v2/releases/1b0348ef48393a2d98113956575e99388c40d4a6/configs/hamster3d_environment_v1.txt (line 2))
  Downloading https://download-r2.pytorch.org/whl/cu121/torchvision-0.19.1%2Bcu121-cp311-cp311-linux_x86_64.whl (7.1 MB)
     ━━━━━━━━━━━━━━━━━━━━━━━━━━━━━━━━━━━━━━━━ 7.1/7.1 MB 11.5 MB/s eta 0:00:00
Collecting transformers==4.57.1 (from -r /home/wzy/dpvlm/route_set_v1/research_v2/releases/1b0348ef48393a2d98113956575e99388c40d4a6/configs/hamster3d_environment_v1.txt (line 3))
  Downloading transformers-4.57.1-py3-none-any.whl.metadata (43 kB)
     ━━━━━━━━━━━━━━━━━━━━━━━━━━━━━━━━━━━━━━━ 44.0/44.0 kB 535.0 kB/s eta 0:00:00
Collecting accelerate==1.10.1 (from -r /home/wzy/dpvlm/route_set_v1/research_v2/releases/1b0348ef48393a2d98113956575e99388c40d4a6/configs/hamster3d_environment_v1.txt (line 4))
  Downloading accelerate-1.10.1-py3-none-any.whl.metadata (19 kB)
Collecting huggingface_hub==0.35.3 (from -r /home/wzy/dpvlm/route_set_v1/research_v2/releases/1b0348ef48393a2d98113956575e99388c40d4a6/configs/hamster3d_environment_v1.txt (line 5))
  Downloading huggingface_hub-0.35.3-py3-none-any.whl.metadata (14 kB)
Collecting tokenizers==0.22.2 (from -r /home/wzy/dpvlm/route_set_v1/research_v2/releases/1b0348ef48393a2d98113956575e99388c40d4a6/configs/hamster3d_environment_v1.txt (line 6))
  Downloading tokenizers-0.22.2-cp39-abi3-manylinux_2_17_x86_64.manylinux2014_x86_64.whl.metadata (7.3 kB)
Collecting safetensors==0.6.2 (from -r /home/wzy/dpvlm/route_set_v1/research_v2/releases/1b0348ef48393a2d98113956575e99388c40d4a6/configs/hamster3d_environment_v1.txt (line 7))
  Downloading safetensors-0.6.2-cp38-abi3-manylinux_2_17_x86_64.manylinux2014_x86_64.whl.metadata (4.1 kB)
Collecting numpy==1.26.4 (from -r /home/wzy/dpvlm/route_set_v1/research_v2/releases/1b0348ef48393a2d98113956575e99388c40d4a6/configs/hamster3d_environment_v1.txt (line 8))
  Downloading numpy-1.26.4-cp311-cp311-manylinux_2_17_x86_64.manylinux2014_x86_64.whl.metadata (61 kB)
     ━━━━━━━━━━━━━━━━━━━━━━━━━━━━━━━━━━━━━━━━ 61.0/61.0 kB 3.0 MB/s eta 0:00:00
Collecting Pillow==11.3.0 (from -r /home/wzy/dpvlm/route_set_v1/research_v2/releases/1b0348ef48393a2d98113956575e99388c40d4a6/configs/hamster3d_environment_v1.txt (line 9))
  Downloading pillow-11.3.0-cp311-cp311-manylinux_2_27_x86_64.manylinux_2_28_x86_64.whl.metadata (9.0 kB)
Collecting scipy==1.15.3 (from -r /home/wzy/dpvlm/route_set_v1/research_v2/releases/1b0348ef48393a2d98113956575e99388c40d4a6/configs/hamster3d_environment_v1.txt (line 10))
  Downloading scipy-1.15.3-cp311-cp311-manylinux_2_17_x86_64.manylinux2014_x86_64.whl.metadata (61 kB)
     ━━━━━━━━━━━━━━━━━━━━━━━━━━━━━━━━━━━━━━━━ 62.0/62.0 kB 4.1 MB/s eta 0:00:00
Collecting opencv-python-headless==4.10.0.84 (from -r /home/wzy/dpvlm/route_set_v1/research_v2/releases/1b0348ef48393a2d98113956575e99388c40d4a6/configs/hamster3d_environment_v1.txt (line 11))
  Downloading opencv_python_headless-4.10.0.84-cp37-abi3-manylinux_2_17_x86_64.manylinux2014_x86_64.whl.metadata (20 kB)
Collecting filelock (from torch==2.4.1+cu121->-r /home/wzy/dpvlm/route_set_v1/research_v2/releases/1b0348ef48393a2d98113956575e99388c40d4a6/configs/hamster3d_environment_v1.txt (line 1))
  Downloading filelock-4.0.9-py3-none-any.whl.metadata (2.0 kB)
Collecting typing-extensions>=4.8.0 (from torch==2.4.1+cu121->-r /home/wzy/dpvlm/route_set_v1/research_v2/releases/1b0348ef48393a2d98113956575e99388c40d4a6/configs/hamster3d_environment_v1.txt (line 1))
  Downloading typing_extensions-4.16.0-py3-none-any.whl.metadata (3.3 kB)
Collecting sympy (from torch==2.4.1+cu121->-r /home/wzy/dpvlm/route_set_v1/research_v2/releases/1b0348ef48393a2d98113956575e99388c40d4a6/configs/hamster3d_environment_v1.txt (line 1))
  Downloading sympy-1.14.0-py3-none-any.whl.metadata (12 kB)
Collecting networkx (from torch==2.4.1+cu121->-r /home/wzy/dpvlm/route_set_v1/research_v2/releases/1b0348ef48393a2d98113956575e99388c40d4a6/configs/hamster3d_environment_v1.txt (line 1))
  Downloading networkx-3.6.1-py3-none-any.whl.metadata (6.8 kB)
Collecting jinja2 (from torch==2.4.1+cu121->-r /home/wzy/dpvlm/route_set_v1/research_v2/releases/1b0348ef48393a2d98113956575e99388c40d4a6/configs/hamster3d_environment_v1.txt (line 1))
  Downloading https://download.pytorch.org/whl/jinja2-3.1.6-py3-none-any.whl.metadata (2.9 kB)
Collecting fsspec (from torch==2.4.1+cu121->-r /home/wzy/dpvlm/route_set_v1/research_v2/releases/1b0348ef48393a2d98113956575e99388c40d4a6/configs/hamster3d_environment_v1.txt (line 1))
  Downloading fsspec-2026.9.0-py3-none-any.whl.metadata (10 kB)
Collecting nvidia-cuda-nvrtc-cu12==12.1.105 (from torch==2.4.1+cu121->-r /home/wzy/dpvlm/route_set_v1/research_v2/releases/1b0348ef48393a2d98113956575e99388c40d4a6/configs/hamster3d_environment_v1.txt (line 1))
  Downloading https://pypi.nvidia.com/nvidia-cuda-nvrtc-cu12/nvidia_cuda_nvrtc_cu12-12.1.105-py3-none-manylinux1_x86_64.whl (23.7 MB)
     ━━━━━━━━━━━━━━━━━━━━━━━━━━━━━━━━━━━━━━━━ 23.7/23.7 MB 11.7 MB/s eta 0:00:00
Collecting nvidia-cuda-runtime-cu12==12.1.105 (from torch==2.4.1+cu121->-r /home/wzy/dpvlm/route_set_v1/research_v2/releases/1b0348ef48393a2d98113956575e99388c40d4a6/configs/hamster3d_environment_v1.txt (line 1))
  Downloading https://pypi.nvidia.com/nvidia-cuda-runtime-cu12/nvidia_cuda_runtime_cu12-12.1.105-py3-none-manylinux1_x86_64.whl (823 kB)
     ━━━━━━━━━━━━━━━━━━━━━━━━━━━━━━━━━━━━━━ 823.6/823.6 kB 12.1 MB/s eta 0:00:00
Collecting nvidia-cuda-cupti-cu12==12.1.105 (from torch==2.4.1+cu121->-r /home/wzy/dpvlm/route_set_v1/research_v2/releases/1b0348ef48393a2d98113956575e99388c40d4a6/configs/hamster3d_environment_v1.txt (line 1))
  Downloading https://pypi.nvidia.com/nvidia-cuda-cupti-cu12/nvidia_cuda_cupti_cu12-12.1.105-py3-none-manylinux1_x86_64.whl (14.1 MB)
     ━━━━━━━━━━━━━━━━━━━━━━━━━━━━━━━━━━━━━━━━ 14.1/14.1 MB 11.7 MB/s eta 0:00:00
Collecting nvidia-cudnn-cu12==9.1.0.70 (from torch==2.4.1+cu121->-r /home/wzy/dpvlm/route_set_v1/research_v2/releases/1b0348ef48393a2d98113956575e99388c40d4a6/configs/hamster3d_environment_v1.txt (line 1))
  Downloading https://download.pytorch.org/whl/cu124/nvidia_cudnn_cu12-9.1.0.70-py3-none-manylinux2014_x86_64.whl (664.8 MB)
     ━━━━━━━━━━━━━━━━━━━━━━━━━━━━━━━━━━━━━━ 664.8/664.8 MB 11.5 MB/s eta 0:00:00
Collecting nvidia-cublas-cu12==12.1.3.1 (from torch==2.4.1+cu121->-r /home/wzy/dpvlm/route_set_v1/research_v2/releases/1b0348ef48393a2d98113956575e99388c40d4a6/configs/hamster3d_environment_v1.txt (line 1))
  Downloading https://pypi.nvidia.com/nvidia-cublas-cu12/nvidia_cublas_cu12-12.1.3.1-py3-none-manylinux1_x86_64.whl (410.6 MB)
     ━━━━━━━━━━━━━━━━━━━━━━━━━━━━━━━━━━━━━━ 410.6/410.6 MB 11.7 MB/s eta 0:00:00
Collecting nvidia-cufft-cu12==11.0.2.54 (from torch==2.4.1+cu121->-r /home/wzy/dpvlm/route_set_v1/research_v2/releases/1b0348ef48393a2d98113956575e99388c40d4a6/configs/hamster3d_environment_v1.txt (line 1))
  Downloading https://pypi.nvidia.com/nvidia-cufft-cu12/nvidia_cufft_cu12-11.0.2.54-py3-none-manylinux1_x86_64.whl (121.6 MB)
     ━━━━━━━━━━━━━━━━━━━━━━━━━━━━━━━━━━━━━━ 121.6/121.6 MB 11.7 MB/s eta 0:00:00
Collecting nvidia-curand-cu12==10.3.2.106 (from torch==2.4.1+cu121->-r /home/wzy/dpvlm/route_set_v1/research_v2/releases/1b0348ef48393a2d98113956575e99388c40d4a6/configs/hamster3d_environment_v1.txt (line 1))
  Downloading https://pypi.nvidia.com/nvidia-curand-cu12/nvidia_curand_cu12-10.3.2.106-py3-none-manylinux1_x86_64.whl (56.5 MB)
     ━━━━━━━━━━━━━━━━━━━━━━━━━━━━━━━━━━━━━━━━ 56.5/56.5 MB 11.7 MB/s eta 0:00:00
Collecting nvidia-cusolver-cu12==11.4.5.107 (from torch==2.4.1+cu121->-r /home/wzy/dpvlm/route_set_v1/research_v2/releases/1b0348ef48393a2d98113956575e99388c40d4a6/configs/hamster3d_environment_v1.txt (line 1))
  Downloading https://pypi.nvidia.com/nvidia-cusolver-cu12/nvidia_cusolver_cu12-11.4.5.107-py3-none-manylinux1_x86_64.whl (124.2 MB)
     ━━━━━━━━━━━━━━━━━━━━━━━━━━━━━━━━━━━━━━ 124.2/124.2 MB 11.7 MB/s eta 0:00:00
Collecting nvidia-cusparse-cu12==12.1.0.106 (from torch==2.4.1+cu121->-r /home/wzy/dpvlm/route_set_v1/research_v2/releases/1b0348ef48393a2d98113956575e99388c40d4a6/configs/hamster3d_environment_v1.txt (line 1))
  Downloading https://pypi.nvidia.com/nvidia-cusparse-cu12/nvidia_cusparse_cu12-12.1.0.106-py3-none-manylinux1_x86_64.whl (196.0 MB)
     ━━━━━━━━━━━━━━━━━━━━━━━━━━━━━━━━━━━━━━ 196.0/196.0 MB 11.7 MB/s eta 0:00:00
Collecting nvidia-nccl-cu12==2.20.5 (from torch==2.4.1+cu121->-r /home/wzy/dpvlm/route_set_v1/research_v2/releases/1b0348ef48393a2d98113956575e99388c40d4a6/configs/hamster3d_environment_v1.txt (line 1))
  Downloading https://pypi.nvidia.com/nvidia-nccl-cu12/nvidia_nccl_cu12-2.20.5-py3-none-manylinux2014_x86_64.whl (176.2 MB)
     ━━━━━━━━━━━━━━━━━━━━━━━━━━━━━━━━━━━━━━ 176.2/176.2 MB 11.8 MB/s eta 0:00:00
Collecting nvidia-nvtx-cu12==12.1.105 (from torch==2.4.1+cu121->-r /home/wzy/dpvlm/route_set_v1/research_v2/releases/1b0348ef48393a2d98113956575e99388c40d4a6/configs/hamster3d_environment_v1.txt (line 1))
  Downloading https://pypi.nvidia.com/nvidia-nvtx-cu12/nvidia_nvtx_cu12-12.1.105-py3-none-manylinux1_x86_64.whl (99 kB)
     ━━━━━━━━━━━━━━━━━━━━━━━━━━━━━━━━━━━━━━━━ 99.1/99.1 kB 18.4 MB/s eta 0:00:00
Collecting triton==3.0.0 (from torch==2.4.1+cu121->-r /home/wzy/dpvlm/route_set_v1/research_v2/releases/1b0348ef48393a2d98113956575e99388c40d4a6/configs/hamster3d_environment_v1.txt (line 1))
  Downloading https://download-r2.pytorch.org/whl/triton-3.0.0-1-cp311-cp311-manylinux2014_x86_64.manylinux_2_17_x86_64.whl (209.4 MB)
     ━━━━━━━━━━━━━━━━━━━━━━━━━━━━━━━━━━━━━━ 209.4/209.4 MB 11.5 MB/s eta 0:00:00
Collecting packaging>=20.0 (from transformers==4.57.1->-r /home/wzy/dpvlm/route_set_v1/research_v2/releases/1b0348ef48393a2d98113956575e99388c40d4a6/configs/hamster3d_environment_v1.txt (line 3))
  Downloading packaging-26.3-py3-none-any.whl.metadata (3.5 kB)
Collecting pyyaml>=5.1 (from transformers==4.57.1->-r /home/wzy/dpvlm/route_set_v1/research_v2/releases/1b0348ef48393a2d98113956575e99388c40d4a6/configs/hamster3d_environment_v1.txt (line 3))
  Downloading pyyaml-6.0.3-cp311-cp311-manylinux2014_x86_64.manylinux_2_17_x86_64.manylinux_2_28_x86_64.whl.metadata (2.4 kB)
Collecting regex!=2019.12.17 (from transformers==4.57.1->-r /home/wzy/dpvlm/route_set_v1/research_v2/releases/1b0348ef48393a2d98113956575e99388c40d4a6/configs/hamster3d_environment_v1.txt (line 3))
  Downloading regex-2026.9.29-cp311-cp311-manylinux2014_x86_64.manylinux_2_17_x86_64.manylinux_2_28_x86_64.whl.metadata (40 kB)
     ━━━━━━━━━━━━━━━━━━━━━━━━━━━━━━━━━━━━━━━━ 40.6/40.6 kB 4.5 MB/s eta 0:00:00
Collecting requests (from transformers==4.57.1->-r /home/wzy/dpvlm/route_set_v1/research_v2/releases/1b0348ef48393a2d98113956575e99388c40d4a6/configs/hamster3d_environment_v1.txt (line 3))
  Downloading requests-2.34.2-py3-none-any.whl.metadata (4.8 kB)
Collecting tqdm>=4.27 (from transformers==4.57.1->-r /home/wzy/dpvlm/route_set_v1/research_v2/releases/1b0348ef48393a2d98113956575e99388c40d4a6/configs/hamster3d_environment_v1.txt (line 3))
  Downloading tqdm-4.70.1-py3-none-any.whl.metadata (57 kB)
     ━━━━━━━━━━━━━━━━━━━━━━━━━━━━━━━━━━━━━━━━ 57.4/57.4 kB 4.3 MB/s eta 0:00:00
Collecting psutil (from accelerate==1.10.1->-r /home/wzy/dpvlm/route_set_v1/research_v2/releases/1b0348ef48393a2d98113956575e99388c40d4a6/configs/hamster3d_environment_v1.txt (line 4))
  Downloading psutil-7.2.2-cp36-abi3-manylinux2010_x86_64.manylinux_2_12_x86_64.manylinux_2_28_x86_64.whl.metadata (22 kB)
Collecting hf-xet<2.0.0,>=1.1.3 (from huggingface_hub==0.35.3->-r /home/wzy/dpvlm/route_set_v1/research_v2/releases/1b0348ef48393a2d98113956575e99388c40d4a6/configs/hamster3d_environment_v1.txt (line 5))
  Downloading hf_xet-1.6.0-cp38-abi3-manylinux2014_x86_64.manylinux_2_17_x86_64.whl.metadata (4.9 kB)
Collecting nvidia-nvjitlink-cu12 (from nvidia-cusolver-cu12==11.4.5.107->torch==2.4.1+cu121->-r /home/wzy/dpvlm/route_set_v1/research_v2/releases/1b0348ef48393a2d98113956575e99388c40d4a6/configs/hamster3d_environment_v1.txt (line 1))
  Downloading https://pypi.nvidia.com/nvidia-nvjitlink-cu12/nvidia_nvjitlink_cu12-12.9.86-py3-none-manylinux2010_x86_64.manylinux_2_12_x86_64.whl (39.7 MB)
     ━━━━━━━━━━━━━━━━━━━━━━━━━━━━━━━━━━━━━━━━ 39.7/39.7 MB 11.7 MB/s eta 0:00:00
Collecting MarkupSafe>=2.0 (from jinja2->torch==2.4.1+cu121->-r /home/wzy/dpvlm/route_set_v1/research_v2/releases/1b0348ef48393a2d98113956575e99388c40d4a6/configs/hamster3d_environment_v1.txt (line 1))
  Downloading markupsafe-3.0.4-cp311-cp311-manylinux2014_x86_64.manylinux_2_17_x86_64.manylinux_2_28_x86_64.whl.metadata (2.7 kB)
Collecting charset_normalizer<4,>=2 (from requests->transformers==4.57.1->-r /home/wzy/dpvlm/route_set_v1/research_v2/releases/1b0348ef48393a2d98113956575e99388c40d4a6/configs/hamster3d_environment_v1.txt (line 3))
  Downloading charset_normalizer-3.5.2-cp311-cp311-manylinux2014_x86_64.manylinux_2_17_x86_64.manylinux_2_28_x86_64.whl.metadata (46 kB)
     ━━━━━━━━━━━━━━━━━━━━━━━━━━━━━━━━━━━━━━━━ 46.4/46.4 kB 4.5 MB/s eta 0:00:00
Collecting idna<4,>=2.5 (from requests->transformers==4.57.1->-r /home/wzy/dpvlm/route_set_v1/research_v2/releases/1b0348ef48393a2d98113956575e99388c40d4a6/configs/hamster3d_environment_v1.txt (line 3))
  Downloading idna-3.20-py3-none-any.whl.metadata (7.2 kB)
Collecting urllib3<3,>=1.26 (from requests->transformers==4.57.1->-r /home/wzy/dpvlm/route_set_v1/research_v2/releases/1b0348ef48393a2d98113956575e99388c40d4a6/configs/hamster3d_environment_v1.txt (line 3))
  Downloading urllib3-2.8.0-py3-none-any.whl.metadata (7.4 kB)
Collecting certifi>=2023.5.7 (from requests->transformers==4.57.1->-r /home/wzy/dpvlm/route_set_v1/research_v2/releases/1b0348ef48393a2d98113956575e99388c40d4a6/configs/hamster3d_environment_v1.txt (line 3))
  Downloading certifi-2026.7.22-py3-none-any.whl.metadata (2.5 kB)
Collecting mpmath<1.4,>=1.1.0 (from sympy->torch==2.4.1+cu121->-r /home/wzy/dpvlm/route_set_v1/research_v2/releases/1b0348ef48393a2d98113956575e99388c40d4a6/configs/hamster3d_environment_v1.txt (line 1))
  Downloading mpmath-1.3.0-py3-none-any.whl.metadata (8.6 kB)
Downloading transformers-4.57.1-py3-none-any.whl (12.0 MB)
   ━━━━━━━━━━━━━━━━━━━━━━━━━━━━━━━━━━━━━━━━ 12.0/12.0 MB 8.7 MB/s eta 0:00:00
Downloading accelerate-1.10.1-py3-none-any.whl (374 kB)
   ━━━━━━━━━━━━━━━━━━━━━━━━━━━━━━━━━━━━━━━━ 374.9/374.9 kB 11.7 MB/s eta 0:00:00
Downloading huggingface_hub-0.35.3-py3-none-any.whl (564 kB)
   ━━━━━━━━━━━━━━━━━━━━━━━━━━━━━━━━━━━━━━━━ 564.3/564.3 kB 11.8 MB/s eta 0:00:00
Downloading tokenizers-0.22.2-cp39-abi3-manylinux_2_17_x86_64.manylinux2014_x86_64.whl (3.3 MB)
   ━━━━━━━━━━━━━━━━━━━━━━━━━━━━━━━━━━━━━━━━ 3.3/3.3 MB 11.6 MB/s eta 0:00:00
Downloading safetensors-0.6.2-cp38-abi3-manylinux_2_17_x86_64.manylinux2014_x86_64.whl (485 kB)
   ━━━━━━━━━━━━━━━━━━━━━━━━━━━━━━━━━━━━━━━━ 485.8/485.8 kB 11.8 MB/s eta 0:00:00
Downloading numpy-1.26.4-cp311-cp311-manylinux_2_17_x86_64.manylinux2014_x86_64.whl (18.3 MB)
   ━━━━━━━━━━━━━━━━━━━━━━━━━━━━━━━━━━━━━━━━ 18.3/18.3 MB 11.6 MB/s eta 0:00:00
Downloading pillow-11.3.0-cp311-cp311-manylinux_2_27_x86_64.manylinux_2_28_x86_64.whl (6.6 MB)
   ━━━━━━━━━━━━━━━━━━━━━━━━━━━━━━━━━━━━━━━━ 6.6/6.6 MB 11.6 MB/s eta 0:00:00
Downloading scipy-1.15.3-cp311-cp311-manylinux_2_17_x86_64.manylinux2014_x86_64.whl (37.7 MB)
   ━━━━━━━━━━━━━━━━━━━━━━━━━━━━━━━━━━━━━━━━ 37.7/37.7 MB 11.6 MB/s eta 0:00:00
Downloading opencv_python_headless-4.10.0.84-cp37-abi3-manylinux_2_17_x86_64.manylinux2014_x86_64.whl (49.9 MB)
   ━━━━━━━━━━━━━━━━━━━━━━━━━━━━━━━━━━━━━━━━ 49.9/49.9 MB 11.6 MB/s eta 0:00:00
Downloading fsspec-2026.9.0-py3-none-any.whl (221 kB)
   ━━━━━━━━━━━━━━━━━━━━━━━━━━━━━━━━━━━━━━━━ 221.7/221.7 kB 12.0 MB/s eta 0:00:00
Downloading hf_xet-1.6.0-cp38-abi3-manylinux2014_x86_64.manylinux_2_17_x86_64.whl (4.5 MB)
   ━━━━━━━━━━━━━━━━━━━━━━━━━━━━━━━━━━━━━━━━ 4.5/4.5 MB 11.6 MB/s eta 0:00:00
Downloading packaging-26.3-py3-none-any.whl (129 kB)
   ━━━━━━━━━━━━━━━━━━━━━━━━━━━━━━━━━━━━━━━━ 130.0/130.0 kB 13.8 MB/s eta 0:00:00
Downloading pyyaml-6.0.3-cp311-cp311-manylinux2014_x86_64.manylinux_2_17_x86_64.manylinux_2_28_x86_64.whl (806 kB)
   ━━━━━━━━━━━━━━━━━━━━━━━━━━━━━━━━━━━━━━━━ 806.6/806.6 kB 11.8 MB/s eta 0:00:00
Downloading regex-2026.9.29-cp311-cp311-manylinux2014_x86_64.manylinux_2_17_x86_64.manylinux_2_28_x86_64.whl (804 kB)
   ━━━━━━━━━━━━━━━━━━━━━━━━━━━━━━━━━━━━━━━━ 805.0/805.0 kB 12.0 MB/s eta 0:00:00
Downloading tqdm-4.70.1-py3-none-any.whl (80 kB)
   ━━━━━━━━━━━━━━━━━━━━━━━━━━━━━━━━━━━━━━━━ 80.2/80.2 kB 15.6 MB/s eta 0:00:00
Downloading typing_extensions-4.16.0-py3-none-any.whl (45 kB)
   ━━━━━━━━━━━━━━━━━━━━━━━━━━━━━━━━━━━━━━━━ 45.6/45.6 kB 23.8 MB/s eta 0:00:00
Downloading filelock-4.0.9-py3-none-any.whl (110 kB)
   ━━━━━━━━━━━━━━━━━━━━━━━━━━━━━━━━━━━━━━━━ 110.4/110.4 kB 14.5 MB/s eta 0:00:00
Downloading https://download.pytorch.org/whl/jinja2-3.1.6-py3-none-any.whl (134 kB)
   ━━━━━━━━━━━━━━━━━━━━━━━━━━━━━━━━━━━━━━━━ 134.9/134.9 kB 15.4 MB/s eta 0:00:00
Downloading networkx-3.6.1-py3-none-any.whl (2.1 MB)
   ━━━━━━━━━━━━━━━━━━━━━━━━━━━━━━━━━━━━━━━━ 2.1/2.1 MB 10.7 MB/s eta 0:00:00
Downloading psutil-7.2.2-cp36-abi3-manylinux2010_x86_64.manylinux_2_12_x86_64.manylinux_2_28_x86_64.whl (155 kB)
   ━━━━━━━━━━━━━━━━━━━━━━━━━━━━━━━━━━━━━━━━ 155.6/155.6 kB 11.3 MB/s eta 0:00:00
Downloading requests-2.34.2-py3-none-any.whl (73 kB)
   ━━━━━━━━━━━━━━━━━━━━━━━━━━━━━━━━━━━━━━━━ 73.1/73.1 kB 15.4 MB/s eta 0:00:00
Downloading sympy-1.14.0-py3-none-any.whl (6.3 MB)
   ━━━━━━━━━━━━━━━━━━━━━━━━━━━━━━━━━━━━━━━━ 6.3/6.3 MB 9.6 MB/s eta 0:00:00
Downloading certifi-2026.7.22-py3-none-any.whl (136 kB)
   ━━━━━━━━━━━━━━━━━━━━━━━━━━━━━━━━━━━━━━━━ 137.0/137.0 kB 13.6 MB/s eta 0:00:00
Downloading charset_normalizer-3.5.2-cp311-cp311-manylinux2014_x86_64.manylinux_2_17_x86_64.manylinux_2_28_x86_64.whl (269 kB)
   ━━━━━━━━━━━━━━━━━━━━━━━━━━━━━━━━━━━━━━━━ 270.0/270.0 kB 12.4 MB/s eta 0:00:00
Downloading idna-3.20-py3-none-any.whl (69 kB)
   ━━━━━━━━━━━━━━━━━━━━━━━━━━━━━━━━━━━━━━━━ 69.6/69.6 kB 16.6 MB/s eta 0:00:00
Downloading markupsafe-3.0.4-cp311-cp311-manylinux2014_x86_64.manylinux_2_17_x86_64.manylinux_2_28_x86_64.whl (22 kB)
Downloading mpmath-1.3.0-py3-none-any.whl (536 kB)
   ━━━━━━━━━━━━━━━━━━━━━━━━━━━━━━━━━━━━━━━━ 536.2/536.2 kB 12.0 MB/s eta 0:00:00
Downloading urllib3-2.8.0-py3-none-any.whl (135 kB)
   ━━━━━━━━━━━━━━━━━━━━━━━━━━━━━━━━━━━━━━━━ 135.7/135.7 kB 13.3 MB/s eta 0:00:00
Installing collected packages: mpmath, urllib3, typing-extensions, tqdm, sympy, safetensors, regex, pyyaml, psutil, Pillow, packaging, nvidia-nvtx-cu12, nvidia-nvjitlink-cu12, nvidia-nccl-cu12, nvidia-curand-cu12, nvidia-cufft-cu12, nvidia-cuda-runtime-cu12, nvidia-cuda-nvrtc-cu12, nvidia-cuda-cupti-cu12, nvidia-cublas-cu12, numpy, networkx, MarkupSafe, idna, hf-xet, fsspec, filelock, charset_normalizer, certifi, triton, scipy, requests, opencv-python-headless, nvidia-cusparse-cu12, nvidia-cudnn-cu12, jinja2, nvidia-cusolver-cu12, huggingface_hub, torch, tokenizers, transformers, torchvision, accelerate
Successfully installed MarkupSafe-3.0.4 Pillow-11.3.0 accelerate-1.10.1 certifi-2026.7.22 charset_normalizer-3.5.2 filelock-4.0.9 fsspec-2026.9.0 hf-xet-1.6.0 huggingface_hub-0.35.3 idna-3.20 jinja2-3.1.6 mpmath-1.3.0 networkx-3.6.1 numpy-1.26.4 nvidia-cublas-cu12-12.1.3.1 nvidia-cuda-cupti-cu12-12.1.105 nvidia-cuda-nvrtc-cu12-12.1.105 nvidia-cuda-runtime-cu12-12.1.105 nvidia-cudnn-cu12-9.1.0.70 nvidia-cufft-cu12-11.0.2.54 nvidia-curand-cu12-10.3.2.106 nvidia-cusolver-cu12-11.4.5.107 nvidia-cusparse-cu12-12.1.0.106 nvidia-nccl-cu12-2.20.5 nvidia-nvjitlink-cu12-12.9.86 nvidia-nvtx-cu12-12.1.105 opencv-python-headless-4.10.0.84 packaging-26.3 psutil-7.2.2 pyyaml-6.0.3 regex-2026.9.29 requests-2.34.2 safetensors-0.6.2 scipy-1.15.3 sympy-1.14.0 tokenizers-0.22.2 torch-2.4.1+cu121 torchvision-0.19.1+cu121 tqdm-4.70.1 transformers-4.57.1 triton-3.0.0 typing-extensions-4.16.0 urllib3-2.8.0
No broken requirements found.
{"imports_passed": true, "cuda_initialized": false, "model_loads": 0}
{"stage": "environment", "status": "completed", "exit_code": 0, "elapsed_seconds": 500.84557853091974}
