{
  "status": "passed",
  "device": "cpu",
  "script_sha256": "5ee7724915f6d040c3f1a00897c1a6f8f73cb248def653f057e6dad2a05b3901",
  "real_qwen_modules": [
    "model.language_model.layers.2.self_attn.q_proj",
    "model.language_model.layers.2.self_attn.v_proj",
    "model.language_model.layers.3.self_attn.q_proj",
    "model.language_model.layers.3.self_attn.v_proj"
  ],
  "losses": [
    0.10762734711170197,
    0.09298289567232132
  ],
  "frozen_base_unchanged": true,
  "zero_B_matches_frozen_initial": true,
  "adapter_restore_exact": true,
  "sampler_and_scheduler_resume_exact": true,
  "all_geometry_and_head_trainable": true,
  "geometry_and_head_updated_tensors": 46,
  "geometry_and_head_total_tensors": 46,
  "optimizer_rng_resume_max_parameter_difference": 0.0,
  "checkpoint_bytes": 330304,
  "adapter_audit": {
    "model.language_model.layers.2.self_attn.q_proj.lora_A": {
      "initial_sha256": "7fbaec4ad4207687735df6157dc186f7f71ee02acc1238d3a7825dd03f805070",
      "shape": [
        2,
        32
      ],
      "ever_nonzero_gradient": true,
      "max_gradient_abs": 0.00028176888008601964,
      "first_gradient_abs": 0.0,
      "final_sha256": "71a6a4f1ec6d03d09087f764bd09578feaae28187011dd70b7fddc5de85e77f0",
      "changed_from_initial": true
    },
    "model.language_model.layers.2.self_attn.q_proj.lora_B": {
      "initial_sha256": "5341e6b2646979a70e57653007a1f310169421ec9bdd9f1a5648f75ade005af1",
      "shape": [
        32,
        2
      ],
      "ever_nonzero_gradient": true,
      "max_gradient_abs": 0.01574244163930416,
      "first_gradient_abs": 0.01574244163930416,
      "final_sha256": "1457c6b8c9b3cdff016635b692c77eba39dd6129f044cacff56a4898d4002ac1",
      "changed_from_initial": true
    },
    "model.language_model.layers.2.self_attn.v_proj.lora_A": {
      "initial_sha256": "654e6fbbe65cf583a8e82049d22fbc70216ed2a60d859119329a73caf2f7d9ed",
      "shape": [
        2,
        32
      ],
      "ever_nonzero_gradient": true,
      "max_gradient_abs": 0.0005356603069230914,
      "first_gradient_abs": 0.0,
      "final_sha256": "809c00f120d09bf627f0ba28244fd31538aa8afd5051d6b18293945218653c05",
      "changed_from_initial": true
    },
    "model.language_model.layers.2.self_attn.v_proj.lora_B": {
      "initial_sha256": "38723a2e5e8a17aa7950dc008209944e898f69a7bd10a23c839d341e935fd5ca",
      "shape": [
        16,
        2
      ],
      "ever_nonzero_gradient": true,
      "max_gradient_abs": 0.03358449414372444,
      "first_gradient_abs": 0.03358449414372444,
      "final_sha256": "b391fb2a260dc22d2638258d33b59995ce74eae566e4b0cd4772cd5513322c10",
      "changed_from_initial": true
    },
    "model.language_model.layers.3.self_attn.q_proj.lora_A": {
      "initial_sha256": "c88ab55377378d5e15efcabf06dfc356430332df12f344687a679d62eae63d22",
      "shape": [
        2,
        32
      ],
      "ever_nonzero_gradient": true,
      "max_gradient_abs": 0.0002913454081863165,
      "first_gradient_abs": 0.0,
      "final_sha256": "727f049878c6bf528051a5ce23bab364ca583942d65ec1e11d0c4927f070d7b5",
      "changed_from_initial": true
    },
    "model.language_model.layers.3.self_attn.q_proj.lora_B": {
      "initial_sha256": "5341e6b2646979a70e57653007a1f310169421ec9bdd9f1a5648f75ade005af1",
      "shape": [
        32,
        2
      ],
      "ever_nonzero_gradient": true,
      "max_gradient_abs": 0.007363411597907543,
      "first_gradient_abs": 0.007363411597907543,
      "final_sha256": "b61a8ae5477b34eadf8d11041d086f8e43f360a466a3432a019b2fdd40f9ed97",
      "changed_from_initial": true
    },
    "model.language_model.layers.3.self_attn.v_proj.lora_A": {
      "initial_sha256": "ef4cfa396b94e06857098b987e2cad9bf5d28f2bbd748a79ed955ef6ec0017b3",
      "shape": [
        2,
        32
      ],
      "ever_nonzero_gradient": true,
      "max_gradient_abs": 0.00019966199761256576,
      "first_gradient_abs": 0.0,
      "final_sha256": "7a6bdaa26e9a404dee90626046f14d8627908b9d9537793137b0944d8b574274",
      "changed_from_initial": true
    },
    "model.language_model.layers.3.self_attn.v_proj.lora_B": {
      "initial_sha256": "38723a2e5e8a17aa7950dc008209944e898f69a7bd10a23c839d341e935fd5ca",
      "shape": [
        16,
        2
      ],
      "ever_nonzero_gradient": true,
      "max_gradient_abs": 0.01757444068789482,
      "first_gradient_abs": 0.01757444068789482,
      "final_sha256": "732541012838a3a8cb48c91170225246f1e48a0c4419844f542a1e803d83cd8a",
      "changed_from_initial": true
    }
  }
}
