{
  "protocol": "vlm_compact_exact_k_h24_integer_json_v1",
  "status": "completed",
  "code_commit": "0eeeecbe3d02adac413083a9edc0df674aa53be2",
  "actual_tokenizer_class": "Qwen2TokenizerFast",
  "fragments": 70,
  "fragment_sha256": "2d71c22129e9964d14547e33b91cde382881ebf5009ddb2b1acb344be1ca4cb0",
  "eos_ids": [
    151645,
    151643
  ],
  "compile_seconds": 0.4694264580029994,
  "elapsed_seconds": 1.0517062129219994,
  "cpu_threads": 1,
  "gpu_hours": 0,
  "model_forwards": 0,
  "observations_opened": 0,
  "synthetic_cases": [
    {
      "k": 1,
      "horizon": 24,
      "case": "bounds",
      "tokens": 387,
      "legal_choices_min": 1,
      "legal_choices_max": 12,
      "complete": true,
      "raw_text_sha256": "0a0f0542d447bb744509a21966ec57c49000b8bcbab048fc597e981fbaa883cf",
      "cache_hits": 0,
      "cache_misses": 388
    },
    {
      "k": 1,
      "horizon": 24,
      "case": "varying",
      "tokens": 403,
      "legal_choices_min": 1,
      "legal_choices_max": 12,
      "complete": true,
      "raw_text_sha256": "a4f4aa3db5821401767415a87be6ac41f03407a3e39253f3915186d1ed2fb559",
      "cache_hits": 77,
      "cache_misses": 715
    },
    {
      "k": 4,
      "horizon": 24,
      "case": "bounds",
      "tokens": 1545,
      "legal_choices_min": 1,
      "legal_choices_max": 12,
      "complete": true,
      "raw_text_sha256": "51f2d34208d4e1cb149d97b6afd7a8bdf0c14a0c6e095441b47234ecc60d8847",
      "cache_hits": 0,
      "cache_misses": 1546
    },
    {
      "k": 4,
      "horizon": 24,
      "case": "varying",
      "tokens": 1613,
      "legal_choices_min": 1,
      "legal_choices_max": 12,
      "complete": true,
      "raw_text_sha256": "1803ccacd52e4f0e24298d9ece1f6e67bc560b89ce2105f7d6730822e3f7afc5",
      "cache_hits": 309,
      "cache_misses": 2851
    }
  ],
  "source_sha256": {
    "/home/wzy/dpvlm/route_set_v1/research_v2/releases/0eeeecbe3d02adac413083a9edc0df674aa53be2/scripts/preflight_vlm_route_grammar.py": "77a49d153a7bc9cf33235b9a500a88c65ecfe678e87044dc7ecb85518bfc6ce1",
    "/home/wzy/dpvlm/route_set_v1/research_v2/releases/0eeeecbe3d02adac413083a9edc0df674aa53be2/routeset/vlm_route_grammar.py": "1d539b227a36945c088d2d28eb31d45d7edff192d3edeea56c43551426f8a9fa"
  },
  "scope": "Actual tokenizer checks only; synthetic legal JSON is never a model condition or geometric result. Does not establish generation quality."
}
