{"step": 200, "loss": 0.006441967394202948, "elapsed_s": 7.626136353006586}
{"step": 400, "loss": 0.0008657617849530653, "elapsed_s": 14.923420076956972}
{"step": 500, "loss": 0.000716359452198958, "dev_model": {"validity": 1.0, "valid_rate": 1.0, "unique_valid": 1.9375, "success": 1.0, "collision_rate": 0.0, "unclassified_valid_rate": 0.0, "finite_rate": 1.0, "candidate_count": 2.0, "ValidAtK": 1.0, "AnyValidAtK": 1.0, "UniqueValidAtK": 1.9375, "reference_coverage": 0.5033637152777777, "ReferenceCoverageAtK": 0.5033637152777777, "head_batch1_ms_median": 1.4574230299331248, "head_batch1_ms_p95": 2.2493741591460994, "candidates": 2, "forward_passes": 1}}
{"step": 600, "loss": 0.00048740843005361966, "elapsed_s": 22.51209289696999}
{"step": 800, "loss": 0.00023525860786321573, "elapsed_s": 29.603128327988088}
{"step": 1000, "loss": 0.0001941046378851752, "elapsed_s": 36.74179814697709}
{"step": 1000, "loss": 0.0001941046378851752, "dev_model": {"validity": 1.0, "valid_rate": 1.0, "unique_valid": 1.9375, "success": 1.0, "collision_rate": 0.0, "unclassified_valid_rate": 0.0, "finite_rate": 1.0, "candidate_count": 2.0, "ValidAtK": 1.0, "AnyValidAtK": 1.0, "UniqueValidAtK": 1.9375, "reference_coverage": 0.5033637152777777, "ReferenceCoverageAtK": 0.5033637152777777, "head_batch1_ms_median": 1.457174017559737, "head_batch1_ms_p95": 1.5885399072431028, "candidates": 2, "forward_passes": 1}}
{"step": 1200, "loss": 0.0001623336976626888, "elapsed_s": 44.075563110993244}
{"step": 1400, "loss": 0.00016578612776356748, "elapsed_s": 51.330153382965364}
{"step": 1500, "loss": 0.0001767917157485499, "dev_model": {"validity": 1.0, "valid_rate": 1.0, "unique_valid": 1.9375, "success": 1.0, "collision_rate": 0.0, "unclassified_valid_rate": 0.0, "finite_rate": 1.0, "candidate_count": 2.0, "ValidAtK": 1.0, "AnyValidAtK": 1.0, "UniqueValidAtK": 1.9375, "reference_coverage": 0.5033637152777777, "ReferenceCoverageAtK": 0.5033637152777777, "head_batch1_ms_median": 1.4458915102295578, "head_batch1_ms_p95": 1.5482949500437826, "candidates": 2, "forward_passes": 1}}
{"step": 1600, "loss": 0.00015093085545231588, "elapsed_s": 58.80603621003684}
{"step": 1800, "loss": 0.00013303820287546841, "elapsed_s": 66.06120911997277}
{"step": 2000, "loss": 0.00011462178568763192, "elapsed_s": 73.37833123002201}
{"step": 2000, "loss": 0.00011462178568763192, "dev_model": {"validity": 1.0, "valid_rate": 1.0, "unique_valid": 1.9375, "success": 1.0, "collision_rate": 0.0, "unclassified_valid_rate": 0.0, "finite_rate": 1.0, "candidate_count": 2.0, "ValidAtK": 1.0, "AnyValidAtK": 1.0, "UniqueValidAtK": 1.9375, "reference_coverage": 0.5033637152777777, "ReferenceCoverageAtK": 0.5033637152777777, "head_batch1_ms_median": 1.495683507528156, "head_batch1_ms_p95": 1.582802296616137, "candidates": 2, "forward_passes": 1}}
{"step": 2200, "loss": 9.190763286824221e-05, "elapsed_s": 80.8978987239534}
{"step": 2400, "loss": 7.882623956902535e-05, "elapsed_s": 88.14867705001961}
{"step": 2500, "loss": 8.486156157232472e-05, "dev_model": {"validity": 1.0, "valid_rate": 1.0, "unique_valid": 1.9375, "success": 1.0, "collision_rate": 0.0, "unclassified_valid_rate": 0.0, "finite_rate": 1.0, "candidate_count": 2.0, "ValidAtK": 1.0, "AnyValidAtK": 1.0, "UniqueValidAtK": 1.9375, "reference_coverage": 0.5033637152777777, "ReferenceCoverageAtK": 0.5033637152777777, "head_batch1_ms_median": 1.5037769917398691, "head_batch1_ms_p95": 1.6128979448694734, "candidates": 2, "forward_passes": 1}}
{"step": 2600, "loss": 0.00010070788954180898, "elapsed_s": 95.70286379999015}
{"step": 2800, "loss": 8.115262078717934e-05, "elapsed_s": 103.03214998100884}
{"step": 3000, "loss": 0.00011490750697703334, "elapsed_s": 110.3557699189987}
{"step": 3000, "loss": 0.00011490750697703334, "dev_model": {"validity": 1.0, "valid_rate": 1.0, "unique_valid": 1.9375, "success": 1.0, "collision_rate": 0.0, "unclassified_valid_rate": 0.0, "finite_rate": 1.0, "candidate_count": 2.0, "ValidAtK": 1.0, "AnyValidAtK": 1.0, "UniqueValidAtK": 1.9375, "reference_coverage": 0.5033637152777777, "ReferenceCoverageAtK": 0.5033637152777777, "head_batch1_ms_median": 1.514573988970369, "head_batch1_ms_p95": 1.5234991325996816, "candidates": 2, "forward_passes": 1}}
{"metrics": {"validity": 1.0, "valid_rate": 1.0, "unique_valid": 1.9375, "success": 1.0, "collision_rate": 0.0, "unclassified_valid_rate": 0.0, "finite_rate": 1.0, "candidate_count": 2.0, "ValidAtK": 1.0, "AnyValidAtK": 1.0, "UniqueValidAtK": 1.9375, "reference_coverage": 0.5033637152777777, "ReferenceCoverageAtK": 0.5033637152777777, "head_batch1_ms_median": 1.4913880149833858, "head_batch1_ms_p95": 1.559417397947982, "candidates": 2, "forward_passes": 1}, "elapsed_s": 110.89853362401482, "gpu_hours_reserved": 0.030805148228893006, "trajectory_exposures": 384000, "positive_pool_references_per_scene": "variable, all available to both methods", "gradient_target_slots": 384000, "reference_pool_access": 1175991, "padded_pairwise_costs_computed": 6144000, "assignment_selectable_references": "all known positives", "parameters": 1170690, "peak_cuda_memory_mb": 49.5830078125, "best_step": 500, "best_checkpoint_sha256": "bb151fdc3e083434d88711f9a9a479a3fc7e59b0522ebff801a1c1be924c8dad", "prediction_sha256": "b948d37c6ff88b38cdf0f800e25c6baf52af1d513ace52f4dda6a3e3044061aa"}
