{"step": 12025, "loss": 0.08044040948152542, "gradient_norm": 0.05372747778892517, "learning_rate": 0.0003, "unweighted_route_x0_mse": 0.006512596737593412, "weighted_route_x0_mse": 0.006512596737593412, "grounding_loss": 3.6963906288146973}
{"step": 12050, "loss": 0.08310947567224503, "gradient_norm": 0.049256958067417145, "learning_rate": 0.0003, "unweighted_route_x0_mse": 0.00908689759671688, "weighted_route_x0_mse": 0.00908689759671688, "grounding_loss": 3.7011289596557617}
{"step": 12075, "loss": 0.0832030326128006, "gradient_norm": 0.05322619527578354, "learning_rate": 0.0003, "unweighted_route_x0_mse": 0.009118958376348019, "weighted_route_x0_mse": 0.009118958376348019, "grounding_loss": 3.7042036056518555}
{"step": 12100, "loss": 0.08112089335918427, "gradient_norm": 0.08567789196968079, "learning_rate": 0.0003, "unweighted_route_x0_mse": 0.006648281589150429, "weighted_route_x0_mse": 0.006648281589150429, "grounding_loss": 3.723630905151367}
{"step": 12125, "loss": 0.08324684947729111, "gradient_norm": 0.11544318497180939, "learning_rate": 0.0003, "unweighted_route_x0_mse": 0.008306153118610382, "weighted_route_x0_mse": 0.008306153118610382, "grounding_loss": 3.747034788131714}
{"step": 12150, "loss": 0.08570665121078491, "gradient_norm": 0.23571743071079254, "learning_rate": 0.0003, "unweighted_route_x0_mse": 0.007544201333075762, "weighted_route_x0_mse": 0.007544201333075762, "grounding_loss": 3.9081225395202637}
{"step": 12175, "loss": 0.08352120220661163, "gradient_norm": 0.10300886631011963, "learning_rate": 0.0003, "unweighted_route_x0_mse": 0.00810332503169775, "weighted_route_x0_mse": 0.00810332503169775, "grounding_loss": 3.7708938121795654}
{"step": 12200, "loss": 0.0842113122344017, "gradient_norm": 0.12859873473644257, "learning_rate": 0.0003, "unweighted_route_x0_mse": 0.009255691431462765, "weighted_route_x0_mse": 0.009255691431462765, "grounding_loss": 3.7477810382843018}
{"step": 12225, "loss": 0.08421801775693893, "gradient_norm": 0.06140698119997978, "learning_rate": 0.0003, "unweighted_route_x0_mse": 0.01001861970871687, "weighted_route_x0_mse": 0.01001861970871687, "grounding_loss": 3.709970235824585}
{"step": 12250, "loss": 0.08198120445013046, "gradient_norm": 0.06640605628490448, "learning_rate": 0.0003, "unweighted_route_x0_mse": 0.007750146556645632, "weighted_route_x0_mse": 0.007750146556645632, "grounding_loss": 3.7115530967712402}
{"step": 12275, "loss": 0.08173774182796478, "gradient_norm": 0.04030437767505646, "learning_rate": 0.0003, "unweighted_route_x0_mse": 0.007721242029219866, "weighted_route_x0_mse": 0.007721242029219866, "grounding_loss": 3.700824737548828}
{"step": 12300, "loss": 0.08378192782402039, "gradient_norm": 0.07445119321346283, "learning_rate": 0.0003, "unweighted_route_x0_mse": 0.009532761760056019, "weighted_route_x0_mse": 0.009532761760056019, "grounding_loss": 3.7124581336975098}
{"step": 12325, "loss": 0.08201250433921814, "gradient_norm": 0.04297985881567001, "learning_rate": 0.0003, "unweighted_route_x0_mse": 0.007752466481178999, "weighted_route_x0_mse": 0.007752466481178999, "grounding_loss": 3.7130022048950195}
{"step": 12350, "loss": 0.0834457278251648, "gradient_norm": 0.03748095780611038, "learning_rate": 0.0003, "unweighted_route_x0_mse": 0.009450971148908138, "weighted_route_x0_mse": 0.009450971148908138, "grounding_loss": 3.699737787246704}
{"step": 12375, "loss": 0.08315971493721008, "gradient_norm": 0.043504323810338974, "learning_rate": 0.0003, "unweighted_route_x0_mse": 0.009106550365686417, "weighted_route_x0_mse": 0.009106550365686417, "grounding_loss": 3.702658176422119}
{"step": 12400, "loss": 0.08213534951210022, "gradient_norm": 0.0437803715467453, "learning_rate": 0.0003, "unweighted_route_x0_mse": 0.008178883232176304, "weighted_route_x0_mse": 0.008178883232176304, "grounding_loss": 3.6978232860565186}
{"step": 12425, "loss": 0.08222257345914841, "gradient_norm": 0.0388558991253376, "learning_rate": 0.0003, "unweighted_route_x0_mse": 0.008298201486468315, "weighted_route_x0_mse": 0.008298201486468315, "grounding_loss": 3.696218729019165}
{"step": 12450, "loss": 0.08079370111227036, "gradient_norm": 0.03325795382261276, "learning_rate": 0.0003, "unweighted_route_x0_mse": 0.00696388678625226, "weighted_route_x0_mse": 0.00696388678625226, "grounding_loss": 3.691490650177002}
{"step": 12475, "loss": 0.08188965916633606, "gradient_norm": 0.03810342401266098, "learning_rate": 0.0003, "unweighted_route_x0_mse": 0.007976982742547989, "weighted_route_x0_mse": 0.007976982742547989, "grounding_loss": 3.69563364982605}
{"step": 12500, "loss": 0.0817684680223465, "gradient_norm": 0.0633615255355835, "learning_rate": 0.0003, "unweighted_route_x0_mse": 0.0075600906275212765, "weighted_route_x0_mse": 0.0075600906275212765, "grounding_loss": 3.710419178009033}
Traceback (most recent call last):
  File "/home/wzy/dpvlm/route_set_v1/research_v2/incoming/minsnr_runner_f72e1aa.py", line 182, in <module>
    if __name__=='__main__':main()
  File "/home/wzy/dpvlm/route_set_v1/research_v2/incoming/minsnr_runner_f72e1aa.py", line 173, in main
    values,names=validate_success(stage,manifest);verify_source()
  File "/home/wzy/dpvlm/route_set_v1/research_v2/incoming/minsnr_runner_f72e1aa.py", line 129, in validate_success
    raise ValueError('Incomplete or over-budget arm; no automatic next stage')
ValueError: Incomplete or over-budget arm; no automatic next stage
