{
  "global_best": {
    "step": 2750,
    "metrics": {
      "TipValidAtK": 0.5,
      "AnyTipValidAtK": 0.6666666666666666,
      "UniqueClassifiedTipValidAtK": 1.0833333333333333,
      "DuplicateClassifiedTipValidCount": 0.75,
      "UnknownTypeTipValidCount": 0.16666666666666666,
      "KnownReferenceTypeCoverageAtK": 0.6274509803921569,
      "TipClearAtK": 0.625,
      "semantic_goal_accuracy": 0.8020833333333334,
      "AnySemanticGoalAtK": 0.8333333333333334,
      "candidate_matched_ADE_m": 0.17497698363402617,
      "candidate_endpoint_error_m": 0.0540283833346937
    }
  },
  "global_last": {
    "step": 3000,
    "metrics": {
      "TipValidAtK": 0.5208333333333334,
      "AnyTipValidAtK": 0.7083333333333334,
      "UniqueClassifiedTipValidAtK": 1.0,
      "DuplicateClassifiedTipValidCount": 0.875,
      "UnknownTypeTipValidCount": 0.20833333333333334,
      "KnownReferenceTypeCoverageAtK": 0.5588235294117647,
      "TipClearAtK": 0.625,
      "semantic_goal_accuracy": 0.8020833333333334,
      "AnySemanticGoalAtK": 0.8333333333333334,
      "candidate_matched_ADE_m": 0.18050085137719693,
      "candidate_endpoint_error_m": 0.045088853808524815
    }
  },
  "local_best": {
    "step": 1000,
    "metrics": {
      "TipValidAtK": 0.5104166666666666,
      "AnyTipValidAtK": 0.625,
      "UniqueClassifiedTipValidAtK": 1.1666666666666667,
      "DuplicateClassifiedTipValidCount": 0.875,
      "UnknownTypeTipValidCount": 0.0,
      "KnownReferenceTypeCoverageAtK": 0.6078431372549019,
      "TipClearAtK": 0.875,
      "semantic_goal_accuracy": 0.625,
      "AnySemanticGoalAtK": 0.625,
      "candidate_matched_ADE_m": 0.186871530569118,
      "candidate_endpoint_error_m": 0.08804437048409296
    }
  },
  "local_last": {
    "step": 3000,
    "metrics": {
      "TipValidAtK": 0.4375,
      "AnyTipValidAtK": 0.5833333333333334,
      "UniqueClassifiedTipValidAtK": 0.875,
      "DuplicateClassifiedTipValidCount": 0.7916666666666666,
      "UnknownTypeTipValidCount": 0.08333333333333333,
      "KnownReferenceTypeCoverageAtK": 0.5,
      "TipClearAtK": 0.5520833333333334,
      "semantic_goal_accuracy": 0.8020833333333334,
      "AnySemanticGoalAtK": 0.8333333333333334,
      "candidate_matched_ADE_m": 0.17922190609185593,
      "candidate_endpoint_error_m": 0.04359403556293767
    }
  }
}
