{
  "best": {
    "all_interior_queries": 2112,
    "eligible_queries": 1094,
    "boundary_roundoff_queries": 0,
    "nearest_visible_point_m": {
      "min": 0.001189222769373049,
      "median": 0.09736660852972025,
      "p95": 0.2534532804006967,
      "max": 0.5884625702088999
    },
    "visible_points_within_sigma": {
      "min": 0.0,
      "median": 3.0,
      "p95": 187.69999999999982,
      "max": 324.0
    },
    "visible_points_within_2sigma": {
      "min": 0.0,
      "median": 159.0,
      "p95": 358.0,
      "max": 410.0
    },
    "actual_update_l2_m": {
      "min": 0.004243670497089624,
      "median": 0.01300002820789814,
      "p95": 0.045088844746351234,
      "max": 0.061739206314086914
    },
    "actual_update_coordinate_max_m": {
      "min": 0.0037854909896850586,
      "median": 0.009189963340759277,
      "p95": 0.03436512500047683,
      "max": 0.047095030546188354
    },
    "eligible_without_points_within_sigma": 520,
    "eligible_without_points_within_2sigma": 89
  },
  "last": {
    "all_interior_queries": 2112,
    "eligible_queries": 1110,
    "boundary_roundoff_queries": 0,
    "nearest_visible_point_m": {
      "min": 0.002501292679888621,
      "median": 0.1036310565560635,
      "p95": 0.27971837876704375,
      "max": 0.5382304928433017
    },
    "visible_points_within_sigma": {
      "min": 0.0,
      "median": 0.0,
      "p95": 141.19999999999982,
      "max": 332.0
    },
    "visible_points_within_2sigma": {
      "min": 0.0,
      "median": 132.0,
      "p95": 357.54999999999995,
      "max": 421.0
    },
    "actual_update_l2_m": {
      "min": 0.004479422699660063,
      "median": 0.012118231505155563,
      "p95": 0.04047029968351125,
      "max": 0.05879741907119751
    },
    "actual_update_coordinate_max_m": {
      "min": 0.004473090171813965,
      "median": 0.008076084777712822,
      "p95": 0.03026064857840538,
      "max": 0.044024884700775146
    },
    "eligible_without_points_within_sigma": 592,
    "eligible_without_points_within_2sigma": 104
  }
}
