{
  "best": {
    "all_interior_queries": 2112,
    "eligible_queries": 1087,
    "boundary_roundoff_queries": 0,
    "nearest_visible_point_m": {
      "min": 0.006526182959339325,
      "median": 0.11388729330220518,
      "p95": 0.22694269487664565,
      "max": 0.2862052210337953
    },
    "visible_points_within_sigma": {
      "min": 0.0,
      "median": 0.0,
      "p95": 35.0,
      "max": 97.0
    },
    "visible_points_within_2sigma": {
      "min": 0.0,
      "median": 107.0,
      "p95": 307.0,
      "max": 388.0
    },
    "actual_update_l2_m": {
      "min": 0.00466607790440321,
      "median": 0.026623792946338654,
      "p95": 0.06182116679847241,
      "max": 0.0887579545378685
    },
    "actual_update_coordinate_max_m": {
      "min": 0.003160562366247177,
      "median": 0.021808132529258728,
      "p95": 0.04958238750696183,
      "max": 0.0685674175620079
    },
    "eligible_without_points_within_sigma": 676,
    "eligible_without_points_within_2sigma": 77
  },
  "last": {
    "all_interior_queries": 2112,
    "eligible_queries": 1072,
    "boundary_roundoff_queries": 0,
    "nearest_visible_point_m": {
      "min": 0.003043228249504872,
      "median": 0.10782814182754694,
      "p95": 0.26374321353352764,
      "max": 0.4461064470515438
    },
    "visible_points_within_sigma": {
      "min": 0.0,
      "median": 0.0,
      "p95": 191.0,
      "max": 322.0
    },
    "visible_points_within_2sigma": {
      "min": 0.0,
      "median": 170.0,
      "p95": 372.0,
      "max": 421.0
    },
    "actual_update_l2_m": {
      "min": 0.006382199004292488,
      "median": 0.026368224062025547,
      "p95": 0.06731650196015833,
      "max": 0.0930182933807373
    },
    "actual_update_coordinate_max_m": {
      "min": 0.004875689744949341,
      "median": 0.020641958341002464,
      "p95": 0.057383314892649626,
      "max": 0.07612043619155884
    },
    "eligible_without_points_within_sigma": 588,
    "eligible_without_points_within_2sigma": 100
  }
}
