`torch_dtype` is deprecated! Use `dtype` instead!
{"id": "reach_target_281016_lang0", "file": "6267b56d1a522d9d676f.npz", "sha256": "d3a0448f7c47f326c7f5ce3e63a5f9a3c7db322c2a2f74800d0742230648ac32", "single_request_seconds": 0.6026274829637259, "input_tokens": 78, "image_sha256": "c772244ed18cef04b65d2af03c4eb60efa56f5a3553d0d493e85cb783eeaed51"}
{"id": "reach_target_281016_lang1", "file": "6de1519692d32da2e3c8.npz", "sha256": "42aa30014b5fe4d4f42b5539f68ede262fb6924cc637bbfb66b683aaab0cc998", "single_request_seconds": 0.05957748496439308, "input_tokens": 83, "image_sha256": "c772244ed18cef04b65d2af03c4eb60efa56f5a3553d0d493e85cb783eeaed51"}
{"id": "reach_target_281016_lang2", "file": "cf9b420f131fd6f878b8.npz", "sha256": "5fb02dc108d6aeef3387d6ac8b93c81fb79f6aa657cb5e778db4b87d607262b3", "single_request_seconds": 0.06119242694694549, "input_tokens": 78, "image_sha256": "c772244ed18cef04b65d2af03c4eb60efa56f5a3553d0d493e85cb783eeaed51"}
{"id": "reach_target_281017_lang0", "file": "c630dfce4367779c8c1c.npz", "sha256": "696c148a57445c18a92a73b8d383850c85a633cd67b5083973c5ddcdfbaab384", "single_request_seconds": 0.0558343380689621, "input_tokens": 78, "image_sha256": "49115bbe5462a549a8a54343988f98cc20ee8658bb94e7ace287b8da3c9e2be5"}
{"id": "reach_target_281017_lang1", "file": "5eb0f22ca0a844add0fe.npz", "sha256": "b4e1e5ece7f93de2c233abc28676805d3bc2e6c43b959f2e89b413b355e24523", "single_request_seconds": 0.05607459391467273, "input_tokens": 83, "image_sha256": "49115bbe5462a549a8a54343988f98cc20ee8658bb94e7ace287b8da3c9e2be5"}
{"id": "reach_target_281017_lang2", "file": "fac8668a27df8dd04389.npz", "sha256": "70add11fef5a33d76ab7945221891eeae0863952bf6337e55cfcd98c17aa5739", "single_request_seconds": 0.060657691094093025, "input_tokens": 78, "image_sha256": "49115bbe5462a549a8a54343988f98cc20ee8658bb94e7ace287b8da3c9e2be5"}
{"id": "pick_and_lift_291016_lang0", "file": "01747d525d52fe129b96.npz", "sha256": "2219f0b00ea7d8b9f09f4dfd3cffb18e96e59b6ac36d159d522171b911be3309", "single_request_seconds": 0.05636053497437388, "input_tokens": 86, "image_sha256": "8a860d05ae911b8d4e72524e9320d4e7070b63720377728addca5d8f814d224c"}
{"id": "pick_and_lift_291016_lang1", "file": "8bfcc50908c20c03e526.npz", "sha256": "18cce0eca98dd976dddb6f587db7c22c192f642ab2bbe9013a059523b7b1399e", "single_request_seconds": 0.055726884049363434, "input_tokens": 82, "image_sha256": "8a860d05ae911b8d4e72524e9320d4e7070b63720377728addca5d8f814d224c"}
{"id": "pick_and_lift_291016_lang2", "file": "1c629d1c1553db152578.npz", "sha256": "ecec1ca9ebf14dfa276898e884064acd4a17fca8aa9ed92588b44834db2beaad", "single_request_seconds": 0.0547934320056811, "input_tokens": 82, "image_sha256": "8a860d05ae911b8d4e72524e9320d4e7070b63720377728addca5d8f814d224c"}
{"id": "pick_and_lift_291017_lang0", "file": "616a9004b1d78c39b3bb.npz", "sha256": "6a38f018d4b83fbe70239d166be8029e958f888b2a36f2cc4343806b8ed12e53", "single_request_seconds": 0.054922271985560656, "input_tokens": 86, "image_sha256": "f806ab906272814b59ec3d93cec2997376f29f10ff1c2e4fac1b5cc48763fffc"}
{"id": "pick_and_lift_291017_lang1", "file": "cfbe99445eb41ca82745.npz", "sha256": "9f4e4b74169f326f8414ff3aa26b7eecd5ff5053048c519adae8f70bd22dc75d", "single_request_seconds": 0.05546565493568778, "input_tokens": 82, "image_sha256": "f806ab906272814b59ec3d93cec2997376f29f10ff1c2e4fac1b5cc48763fffc"}
{"id": "pick_and_lift_291017_lang2", "file": "170d55319813547275c4.npz", "sha256": "c3d4eb14fc131cf197195f4ad81dd95db2ed0c6a3cc54b8fa9c8987afccf82e2", "single_request_seconds": 0.054086194024421275, "input_tokens": 82, "image_sha256": "f806ab906272814b59ec3d93cec2997376f29f10ff1c2e4fac1b5cc48763fffc"}
{"id": "push_button_301016_lang0", "file": "cf7fc2e028a4e2504dff.npz", "sha256": "b8fc44a74679ebb2ae3a385ca72cdab8b746c8f0188fe1abaf374e30f8be789e", "single_request_seconds": 0.057079022051766515, "input_tokens": 78, "image_sha256": "eeac98e2d9f9a89410a89175a478f37ecde539a5e1c98b24e4febdf9933ba58b"}
{"id": "push_button_301016_lang1", "file": "50d9c68fe08b6763bfd0.npz", "sha256": "fbcf6e71254692cb3cd23bbb9cafc77d953f8821a0b90cda29307bf4fb23eb4b", "single_request_seconds": 0.05718450807034969, "input_tokens": 79, "image_sha256": "eeac98e2d9f9a89410a89175a478f37ecde539a5e1c98b24e4febdf9933ba58b"}
{"id": "push_button_301016_lang2", "file": "e53e39c70ef8768fad5f.npz", "sha256": "ccd882696da5d9713e515988a690907a65e7e8cea1653f960f4881b6abeb2033", "single_request_seconds": 0.06355157005600631, "input_tokens": 81, "image_sha256": "eeac98e2d9f9a89410a89175a478f37ecde539a5e1c98b24e4febdf9933ba58b"}
{"id": "push_button_301016_lang3", "file": "7d981a2f85a87d35a4df.npz", "sha256": "ca67343121515eccb9975ee0ad901f1e7a5f3dfbb92466ebdc0e61e2430a3093", "single_request_seconds": 0.05687007599044591, "input_tokens": 78, "image_sha256": "eeac98e2d9f9a89410a89175a478f37ecde539a5e1c98b24e4febdf9933ba58b"}
{"id": "push_button_301017_lang0", "file": "8f6f2cd91a91b722cdc3.npz", "sha256": "5fbd793dfdfb194036c0e2bc47c8b6e2e5df284b79a471b318547edd346c1095", "single_request_seconds": 0.05592115200124681, "input_tokens": 78, "image_sha256": "0a47359e2c321cf1c4f4e6de31411c2552a954a6338d0d9a07879a452dba24e5"}
{"id": "push_button_301017_lang1", "file": "83586629a78d678c4228.npz", "sha256": "b0cc7eab44d1c132b824e796565d130db89aac46d1768eda3da8785a753ddf64", "single_request_seconds": 0.05600234295707196, "input_tokens": 79, "image_sha256": "0a47359e2c321cf1c4f4e6de31411c2552a954a6338d0d9a07879a452dba24e5"}
{"id": "push_button_301017_lang2", "file": "f44e1f832040d878ebfa.npz", "sha256": "1d7e1ee87a04bb7c22a4ac0940c299a3bcebdaf21eab54edc6675eab4a23c787", "single_request_seconds": 0.055829106946475804, "input_tokens": 81, "image_sha256": "0a47359e2c321cf1c4f4e6de31411c2552a954a6338d0d9a07879a452dba24e5"}
{"id": "push_button_301017_lang3", "file": "29bb1962259dade8f5ed.npz", "sha256": "1473d50fe2f7d3062cb1e6c11b06375eaf033a7a49f1402f8daba3ad46f48059", "single_request_seconds": 0.055691999034024775, "input_tokens": 78, "image_sha256": "0a47359e2c321cf1c4f4e6de31411c2552a954a6338d0d9a07879a452dba24e5"}
{"id": "take_lid_off_saucepan_311016_lang0", "file": "981279b3e05dee01cd3d.npz", "sha256": "8efff339c97606acb2bb8ae376b6b7ba9f558af86507e683116b1d88effc38ba", "single_request_seconds": 0.05628265195991844, "input_tokens": 80, "image_sha256": "615ebfc149f8c41b3df92ee83c5f9f1b4a8216eb60b53b585bdbe8b123bbcbc9"}
{"id": "take_lid_off_saucepan_311016_lang1", "file": "57a822186d65dd89c2be.npz", "sha256": "b9218f9c5d64f268282cd08960278b7b9466255ed10c3043c8f928f5efea8705", "single_request_seconds": 0.05603936198167503, "input_tokens": 85, "image_sha256": "615ebfc149f8c41b3df92ee83c5f9f1b4a8216eb60b53b585bdbe8b123bbcbc9"}
{"id": "take_lid_off_saucepan_311016_lang2", "file": "b97ac617984050e45ca5.npz", "sha256": "a85dc0a586f3ff68562038cb475cd69324a480fb7c8e12695ed80d2c500f2b4e", "single_request_seconds": 0.055377400014549494, "input_tokens": 80, "image_sha256": "615ebfc149f8c41b3df92ee83c5f9f1b4a8216eb60b53b585bdbe8b123bbcbc9"}
{"id": "take_lid_off_saucepan_311016_lang3", "file": "9d9d3a12a7f3ace3d800.npz", "sha256": "6f9030ca6de2e4490f098b4e4bdb104e3a7cb1788427dc49215b6739dd839a21", "single_request_seconds": 0.054998548002913594, "input_tokens": 87, "image_sha256": "615ebfc149f8c41b3df92ee83c5f9f1b4a8216eb60b53b585bdbe8b123bbcbc9"}
{"id": "take_lid_off_saucepan_311016_lang4", "file": "427e5b53b397e6c8693d.npz", "sha256": "9616c6f44121f92ad0f141d56596bd29695ede276dc92b26e9a2f0ebe4f29c0f", "single_request_seconds": 0.056052606902085245, "input_tokens": 78, "image_sha256": "615ebfc149f8c41b3df92ee83c5f9f1b4a8216eb60b53b585bdbe8b123bbcbc9"}
{"id": "take_lid_off_saucepan_311016_lang5", "file": "094f56cb574d8a98434e.npz", "sha256": "d2f912ff39791627201df8279fd2a3785ce2b0396094ec343dac4089e4f3401e", "single_request_seconds": 0.05358618404716253, "input_tokens": 79, "image_sha256": "615ebfc149f8c41b3df92ee83c5f9f1b4a8216eb60b53b585bdbe8b123bbcbc9"}
{"id": "take_lid_off_saucepan_311017_lang0", "file": "6580a7eec37d470572c0.npz", "sha256": "a086b6b5acff24e93f8a979123c423081b9c90a8213066e7efe88390d9464a34", "single_request_seconds": 0.05964031000621617, "input_tokens": 80, "image_sha256": "b0bf634c0cfcf345fa1d7782be6a2ff1012f9297ae2a314671cf31c2bc4cd010"}
{"id": "take_lid_off_saucepan_311017_lang1", "file": "69413c290c703922e626.npz", "sha256": "dadcbc6b48884512a7b7089e270cd853a6c7fe523e99050919100b26136095c9", "single_request_seconds": 0.06314296298660338, "input_tokens": 85, "image_sha256": "b0bf634c0cfcf345fa1d7782be6a2ff1012f9297ae2a314671cf31c2bc4cd010"}
{"id": "take_lid_off_saucepan_311017_lang2", "file": "82d75bbc2b6401cbaf4c.npz", "sha256": "888e35a1a6171813c7747c30ee93e21eee9cd117a0665f51fee24dfdc1ed8993", "single_request_seconds": 0.05605634592939168, "input_tokens": 80, "image_sha256": "b0bf634c0cfcf345fa1d7782be6a2ff1012f9297ae2a314671cf31c2bc4cd010"}
{"id": "take_lid_off_saucepan_311017_lang3", "file": "fd0dcda629bc8a4e1f82.npz", "sha256": "8c7eadde3763328efd4de1195ae0cfa82ed2c009693090cb3de9e0f10fe1ebde", "single_request_seconds": 0.06162492593284696, "input_tokens": 87, "image_sha256": "b0bf634c0cfcf345fa1d7782be6a2ff1012f9297ae2a314671cf31c2bc4cd010"}
{"id": "take_lid_off_saucepan_311017_lang4", "file": "3f1ee34653609340b17b.npz", "sha256": "c257b98fa4bd594016ef1c66df1e45f0c914692f30ad2a687ebf0ebbf27f7cdd", "single_request_seconds": 0.056052069063298404, "input_tokens": 78, "image_sha256": "b0bf634c0cfcf345fa1d7782be6a2ff1012f9297ae2a314671cf31c2bc4cd010"}
{"id": "take_lid_off_saucepan_311017_lang5", "file": "f5665bb16211acac4715.npz", "sha256": "1c334cdd939da9fc2ac2c78be3a92a7e058676b96e27caca010000a439378548", "single_request_seconds": 0.054865019978024065, "input_tokens": 79, "image_sha256": "b0bf634c0cfcf345fa1d7782be6a2ff1012f9297ae2a314671cf31c2bc4cd010"}
{"id": "pick_up_cup_321016_lang0", "file": "2070a2a83fcc1f71f4dd.npz", "sha256": "19f121c1bb4b9fc7db2f84a79591e985e7d76eca1b2e2d5a38a17eea03d68381", "single_request_seconds": 0.0535253620473668, "input_tokens": 79, "image_sha256": "052840031ed308773e36fe1e1cdfb8db3b74c573726592968d19b56633563953"}
{"id": "pick_up_cup_321016_lang1", "file": "d372c3392acbb276b35d.npz", "sha256": "6891c725182ec5ff32bdb6b4a9bd205801bf6b62e28e505fa00ad56cd6e37c1d", "single_request_seconds": 0.05395386600866914, "input_tokens": 82, "image_sha256": "052840031ed308773e36fe1e1cdfb8db3b74c573726592968d19b56633563953"}
{"id": "pick_up_cup_321016_lang2", "file": "06d53fc11ff0d63d4449.npz", "sha256": "4bc11b59b27ae0ec9c9144cff88e50152286faf5d9a2f7a723dd188e1df2ed1b", "single_request_seconds": 0.05528223898727447, "input_tokens": 78, "image_sha256": "052840031ed308773e36fe1e1cdfb8db3b74c573726592968d19b56633563953"}
{"id": "pick_up_cup_321017_lang0", "file": "791e4bb25c9dae09799d.npz", "sha256": "cb9c901d9d5de061394862474d9e6d2572204a51d6b9b5288f0125e957684dd4", "single_request_seconds": 0.055921577964909375, "input_tokens": 79, "image_sha256": "250b9eb139330d7b493ab11916d573072713e7455936b2ab6192f703217bbc58"}
{"id": "pick_up_cup_321017_lang1", "file": "47268fff6b0045efabed.npz", "sha256": "ed12c59d2e9599f4ce3e9e04b1e004ee3ec25636fbd81d62b716b5a863bb55fd", "single_request_seconds": 0.05471601395402104, "input_tokens": 82, "image_sha256": "250b9eb139330d7b493ab11916d573072713e7455936b2ab6192f703217bbc58"}
{"id": "pick_up_cup_321017_lang2", "file": "10562ac8c219dc68a4fe.npz", "sha256": "4d853e61af32e6e46742bffb5c14c5476fa6dbaee3afb68a2acf8719853e90b6", "single_request_seconds": 0.060337421018630266, "input_tokens": 78, "image_sha256": "250b9eb139330d7b493ab11916d573072713e7455936b2ab6192f703217bbc58"}
{"id": "slide_block_to_target_331016_lang0", "file": "169818cf629e195d504c.npz", "sha256": "2fe3873501dd76390d9186f13ba19007944dbf578db72d7a10e3d858aa1dfffa", "single_request_seconds": 0.061625194968655705, "input_tokens": 79, "image_sha256": "a208c2af1483886e34b5be9fdcb2ae6d517301c3d744de778e44da9b16639f88"}
{"id": "slide_block_to_target_331016_lang1", "file": "765a947548123984d753.npz", "sha256": "7ddcfe1f39fc5a5991b07efc1927887750262c8826b2691a7b18dd7517c9efc4", "single_request_seconds": 0.05553324904758483, "input_tokens": 80, "image_sha256": "a208c2af1483886e34b5be9fdcb2ae6d517301c3d744de778e44da9b16639f88"}
{"id": "slide_block_to_target_331016_lang2", "file": "5a112f6ad6246d147623.npz", "sha256": "de7dfdac7db4a46dbd66126e237642b50e02758eeb94637c027a00ea0d075204", "single_request_seconds": 0.05843849899247289, "input_tokens": 86, "image_sha256": "a208c2af1483886e34b5be9fdcb2ae6d517301c3d744de778e44da9b16639f88"}
{"id": "slide_block_to_target_331016_lang3", "file": "643fd1f04136377daa8d.npz", "sha256": "842dfe0c4e5bd2fe0c5d5067d7aa4e5d3a9cc220d32d1f13703c738432857b74", "single_request_seconds": 0.06171080190688372, "input_tokens": 81, "image_sha256": "a208c2af1483886e34b5be9fdcb2ae6d517301c3d744de778e44da9b16639f88"}
{"id": "slide_block_to_target_331016_lang4", "file": "6c1f2973bd329a1f7f50.npz", "sha256": "9800db5f667c8533d35f7774621891077413cdc008adb71b50ade700940a3388", "single_request_seconds": 0.05551270698197186, "input_tokens": 87, "image_sha256": "a208c2af1483886e34b5be9fdcb2ae6d517301c3d744de778e44da9b16639f88"}
{"id": "slide_block_to_target_331017_lang0", "file": "aad2079e2ab03b90ead9.npz", "sha256": "0ed4080fe5059510fb5917e265fa528c5ff9aa7e4ee2c0553c4c013a7137d518", "single_request_seconds": 0.054542423924431205, "input_tokens": 79, "image_sha256": "229f5f42d8f5aea382e24cd51553e913b9249e326f3699850a431074d9427e27"}
{"id": "slide_block_to_target_331017_lang1", "file": "56c5ef5bf66529b93855.npz", "sha256": "471baa87e9d80ca95bd5966a25cde228caaf6aeb8d69b82e7844f82e6a072fae", "single_request_seconds": 0.05503249994944781, "input_tokens": 80, "image_sha256": "229f5f42d8f5aea382e24cd51553e913b9249e326f3699850a431074d9427e27"}
{"id": "slide_block_to_target_331017_lang2", "file": "3c09c29a6bb0d2b72589.npz", "sha256": "a2b3385f7205674c5bbaac939cab536d6adff1ab7a5386792b4248b97017f1f0", "single_request_seconds": 0.05580214795190841, "input_tokens": 86, "image_sha256": "229f5f42d8f5aea382e24cd51553e913b9249e326f3699850a431074d9427e27"}
{"id": "slide_block_to_target_331017_lang3", "file": "9f7c6f0ede59189518b0.npz", "sha256": "556c399f1c6db3aaae17e445e8376509198bbeacbe554c4ef9e984e4ac9170ca", "single_request_seconds": 0.05548903706949204, "input_tokens": 81, "image_sha256": "229f5f42d8f5aea382e24cd51553e913b9249e326f3699850a431074d9427e27"}
{"id": "slide_block_to_target_331017_lang4", "file": "e4bdd7ce92028ca6363a.npz", "sha256": "48a9724320982866efa27d1747a468adbfdf6329eeea4fb34008766d6482151e", "single_request_seconds": 0.05539217602927238, "input_tokens": 87, "image_sha256": "229f5f42d8f5aea382e24cd51553e913b9249e326f3699850a431074d9427e27"}
{"load_seconds": 2.753184128087014, "total_seconds": 6.182398125063628, "samples": 48, "cuda_peak_allocated_bytes": 4279413760, "status": "frozen_rgb_language_feature_extraction_complete", "not_evidence_of": ["route training", "robot performance", "semantic goal accuracy", "LoRA training"]}
