{"id": "obstacle_reach_272000_target0", "failed_slots": 0, "request_seconds": 1.7786158999660984, "search_status": ["path_found", "path_found", "path_found", "path_found"]}
Traceback (most recent call last):
  File "/home/wzy/dpvlm/route_set_v1/research_v2/releases/8ad9e6af196bafbe8dc4047948d77a2f8b3769f8/scripts/observation_multiroute_astar_v2.py", line 296, in <module>
    main()
  File "/home/wzy/dpvlm/route_set_v1/research_v2/releases/8ad9e6af196bafbe8dc4047948d77a2f8b3769f8/scripts/observation_multiroute_astar_v2.py", line 291, in main
    v1.run(args.data,args.output,args.train_benchmark_only,plan_function=plan_observation,planner_config=CONFIG,
  File "/home/wzy/dpvlm/route_set_v1/research_v2/releases/8ad9e6af196bafbe8dc4047948d77a2f8b3769f8/scripts/observation_multiroute_astar.py", line 383, in run
    (output/'generation_progress.json').write_text(json.dumps(records, indent=2, allow_nan=False))
  File "/usr/lib/python3.8/json/__init__.py", line 234, in dumps
    return cls(
  File "/usr/lib/python3.8/json/encoder.py", line 201, in encode
    chunks = list(chunks)
  File "/usr/lib/python3.8/json/encoder.py", line 429, in _iterencode
    yield from _iterencode_list(o, _current_indent_level)
  File "/usr/lib/python3.8/json/encoder.py", line 325, in _iterencode_list
    yield from chunks
  File "/usr/lib/python3.8/json/encoder.py", line 405, in _iterencode_dict
    yield from chunks
  File "/usr/lib/python3.8/json/encoder.py", line 405, in _iterencode_dict
    yield from chunks
  File "/usr/lib/python3.8/json/encoder.py", line 325, in _iterencode_list
    yield from chunks
  File "/usr/lib/python3.8/json/encoder.py", line 325, in _iterencode_list
    yield from chunks
  File "/usr/lib/python3.8/json/encoder.py", line 438, in _iterencode
    o = _default(o)
  File "/usr/lib/python3.8/json/encoder.py", line 179, in default
    raise TypeError(f'Object of type {o.__class__.__name__} '
TypeError: Object of type int64 is not JSON serializable
