Traceback (most recent call last):
  File "<frozen runpy>", line 198, in _run_module_as_main
  File "<frozen runpy>", line 88, in _run_code
  File "/home/wzy/dpvlm/route_set_v1/research_v2/releases/b127ce8514a63917cc3f1b7278db8f65289ba985/scripts/analyze_observed_two_row_diffusion.py", line 419, in <module>
    if __name__=='__main__':main()
                            ^^^^^^
  File "/home/wzy/dpvlm/route_set_v1/research_v2/releases/b127ce8514a63917cc3f1b7278db8f65289ba985/scripts/analyze_observed_two_row_diffusion.py", line 416, in main
    analyze(p.parse_args())
  File "/home/wzy/dpvlm/route_set_v1/research_v2/releases/b127ce8514a63917cc3f1b7278db8f65289ba985/scripts/analyze_observed_two_row_diffusion.py", line 404, in analyze
    out.mkdir(parents=True);plots(out,arms)
                            ^^^^^^^^^^^^^^^
  File "/home/wzy/dpvlm/route_set_v1/research_v2/releases/b127ce8514a63917cc3f1b7278db8f65289ba985/scripts/analyze_observed_two_row_diffusion.py", line 343, in plots
    import matplotlib
ModuleNotFoundError: No module named 'matplotlib'
Traceback (most recent call last):
  File "/home/wzy/dpvlm/route_set_v1/research_v2/incoming/research_stage_runner_b127ce8.py", line 148, in <module>
    if __name__=='__main__':main()
                            ^^^^^^
  File "/home/wzy/dpvlm/route_set_v1/research_v2/incoming/research_stage_runner_b127ce8.py", line 139, in main
    if child.returncode!=0:raise RuntimeError('Frozen child stage failed; preserve, no retry or next stage')
                           ^^^^^^^^^^^^^^^^^^^^^^^^^^^^^^^^^^^^^^^^^^^^^^^^^^^^^^^^^^^^^^^^^^^^^^^^^^^^^^^^^
RuntimeError: Frozen child stage failed; preserve, no retry or next stage
