{
  "original": {
    "requested_slots": 8,
    "strict_format_finite": 8,
    "within_3cm_count": 0,
    "correct_requested_target_count": 0,
    "endpoint_error_mean_m_over_finite_only": 0.2339105712562243,
    "endpoint_error_median_m_over_finite_only": 0.21605177117302,
    "all_eight_mean_endpoint_error_m": 0.2339105712562243,
    "predeclared_useful_control": false,
    "rows": [
      {
        "scene_id": "obstacle_reach_272000_target0",
        "strict_format_finite": true,
        "requested_target_distance_m": 0.21462875290118483,
        "nearest_target_index": 1,
        "within_3cm": false,
        "correct_requested_target": false
      },
      {
        "scene_id": "obstacle_reach_272001_target0",
        "strict_format_finite": true,
        "requested_target_distance_m": 0.20481399866727706,
        "nearest_target_index": 1,
        "within_3cm": false,
        "correct_requested_target": false
      },
      {
        "scene_id": "obstacle_reach_272002_target0",
        "strict_format_finite": true,
        "requested_target_distance_m": 0.4192453643320828,
        "nearest_target_index": 1,
        "within_3cm": false,
        "correct_requested_target": false
      },
      {
        "scene_id": "obstacle_reach_272003_target0",
        "strict_format_finite": true,
        "requested_target_distance_m": 0.21633765772195318,
        "nearest_target_index": 2,
        "within_3cm": false,
        "correct_requested_target": false
      },
      {
        "scene_id": "obstacle_reach_272004_target0",
        "strict_format_finite": true,
        "requested_target_distance_m": 0.2538771178283159,
        "nearest_target_index": 2,
        "within_3cm": false,
        "correct_requested_target": false
      },
      {
        "scene_id": "obstacle_reach_272005_target0",
        "strict_format_finite": true,
        "requested_target_distance_m": 0.07649847898627316,
        "nearest_target_index": 0,
        "within_3cm": false,
        "correct_requested_target": false
      },
      {
        "scene_id": "obstacle_reach_272006_target0",
        "strict_format_finite": true,
        "requested_target_distance_m": 0.21576588462408677,
        "nearest_target_index": 2,
        "within_3cm": false,
        "correct_requested_target": false
      },
      {
        "scene_id": "obstacle_reach_272007_target0",
        "strict_format_finite": true,
        "requested_target_distance_m": 0.27011731498862085,
        "nearest_target_index": 2,
        "within_3cm": false,
        "correct_requested_target": false
      }
    ]
  },
  "continued": {
    "requested_slots": 8,
    "strict_format_finite": 8,
    "within_3cm_count": 0,
    "correct_requested_target_count": 0,
    "endpoint_error_mean_m_over_finite_only": 0.2776867587989964,
    "endpoint_error_median_m_over_finite_only": 0.300276487002038,
    "all_eight_mean_endpoint_error_m": 0.2776867587989964,
    "predeclared_useful_control": false,
    "rows": [
      {
        "scene_id": "obstacle_reach_272000_target0",
        "strict_format_finite": true,
        "requested_target_distance_m": 0.37204795119734746,
        "nearest_target_index": 2,
        "within_3cm": false,
        "correct_requested_target": false
      },
      {
        "scene_id": "obstacle_reach_272001_target0",
        "strict_format_finite": true,
        "requested_target_distance_m": 0.16099081365932516,
        "nearest_target_index": 1,
        "within_3cm": false,
        "correct_requested_target": false
      },
      {
        "scene_id": "obstacle_reach_272002_target0",
        "strict_format_finite": true,
        "requested_target_distance_m": 0.41201062229206564,
        "nearest_target_index": 1,
        "within_3cm": false,
        "correct_requested_target": false
      },
      {
        "scene_id": "obstacle_reach_272003_target0",
        "strict_format_finite": true,
        "requested_target_distance_m": 0.27047857330563224,
        "nearest_target_index": 2,
        "within_3cm": false,
        "correct_requested_target": false
      },
      {
        "scene_id": "obstacle_reach_272004_target0",
        "strict_format_finite": true,
        "requested_target_distance_m": 0.3602597152791008,
        "nearest_target_index": 2,
        "within_3cm": false,
        "correct_requested_target": false
      },
      {
        "scene_id": "obstacle_reach_272005_target0",
        "strict_format_finite": true,
        "requested_target_distance_m": 0.169797763996627,
        "nearest_target_index": 2,
        "within_3cm": false,
        "correct_requested_target": false
      },
      {
        "scene_id": "obstacle_reach_272006_target0",
        "strict_format_finite": true,
        "requested_target_distance_m": 0.14583422996342918,
        "nearest_target_index": 0,
        "within_3cm": false,
        "correct_requested_target": false
      },
      {
        "scene_id": "obstacle_reach_272007_target0",
        "strict_format_finite": true,
        "requested_target_distance_m": 0.33007440069844385,
        "nearest_target_index": 1,
        "within_3cm": false,
        "correct_requested_target": false
      }
    ]
  }
}
