{
  "metrics": {
    "candidates": 1,
    "TipValidAtK": 0.0,
    "AnyTipValidAtK": 0.0,
    "UniqueClassifiedTipValidAtK": 0,
    "UnknownTypeTipValidCount": 0,
    "DuplicateClassifiedTipValidCount": 0,
    "KnownReferenceTypeCoverageAtK": 0.0,
    "known_reference_types": 5,
    "SelectedTipValidAtK": null,
    "selected_index": null,
    "semantic_goal_accuracy": 0.0,
    "AnySemanticGoalAtK": 0.0,
    "endpoint_error_m": 0.343143505438404,
    "TipClearAtK": 0.0,
    "StartCorrectAtK": 0.0,
    "EventSequenceCorrectAtK": 0.0,
    "mean_path_length_m": 0.5426474892233286,
    "format_failure_count": 0,
    "ValidAtK": null,
    "AnyValidAtK": null,
    "UniqueValidAtK": null,
    "SelectedValidAtK": null,
    "evaluation_protocol": "observed_two_row_tip_eval_v1",
    "type_definition": "Ordered, consistent actual row passage relations; not guide IDs or homotopy equivalence",
    "reference_policy": "Coverage of known positive types only; unobserved types are not negatives",
    "unknown_type_policy": "Valid unknown routes count in TipValid, not in distinct classified types",
    "validity_scope": "Correct target within3cm, start within5mm, unchanged reach events, physical-box tip segments with2cm clearance; no arm/IK/execution certificate",
    "paths_repaired_or_filtered": false
  },
  "candidates": [
    {
      "candidate": 0,
      "finite_xyz": true,
      "finite_event_values": true,
      "semantic_goal_correct": false,
      "endpoint_error_m": 0.343143505438404,
      "start_error_m": 0.4242717458019862,
      "starts_at_current_state": false,
      "tip_segments_clear": false,
      "event_state_sequence_correct": false,
      "length_m": 0.5426474892233286,
      "declared_passage_type": null,
      "TipValid": false,
      "classified_tip_valid": false
    }
  ],
  "points": [
    {
      "index": 0,
      "world_xyz": [
        0.3805452846125862,
        -0.16340766011349012,
        0.7722337217685243
      ],
      "original_action": "Close Gripper",
      "mapped_open": 0.0,
      "distance_to_instruction_target_m": 0.10714309193399484,
      "nearest_target_index": 0
    },
    {
      "index": 1,
      "world_xyz": [
        0.3749246114563677,
        -0.16011744858881985,
        0.9025974734365164
      ],
      "original_action": null,
      "mapped_open": 0.0,
      "distance_to_instruction_target_m": 0.10802962162434926,
      "nearest_target_index": 0
    },
    {
      "index": 2,
      "world_xyz": [
        0.30175844970005805,
        0.15502248298969346,
        0.9648549223106455
      ],
      "original_action": null,
      "mapped_open": 0.0,
      "distance_to_instruction_target_m": 0.3655754027194681,
      "nearest_target_index": 2
    },
    {
      "index": 3,
      "world_xyz": [
        0.29594717964884154,
        0.1483182003798517,
        0.8826691068838873
      ],
      "original_action": "Open Gripper",
      "mapped_open": 1.0,
      "distance_to_instruction_target_m": 0.343143505438404,
      "nearest_target_index": 2
    }
  ],
  "segments": [
    {
      "index": 0,
      "start": [
        0.3805452846125862,
        -0.16340766011349012,
        0.7722337217685243
      ],
      "end": [
        0.3749246114563677,
        -0.16011744858881985,
        0.9025974734365164
      ],
      "clear": false
    },
    {
      "index": 1,
      "start": [
        0.3749246114563677,
        -0.16011744858881985,
        0.9025974734365164
      ],
      "end": [
        0.30175844970005805,
        0.15502248298969346,
        0.9648549223106455
      ],
      "clear": false
    },
    {
      "index": 2,
      "start": [
        0.30175844970005805,
        0.15502248298969346,
        0.9648549223106455
      ],
      "end": [
        0.29594717964884154,
        0.1483182003798517,
        0.8826691068838873
      ],
      "clear": true
    }
  ],
  "status": {
    "status": "completed",
    "start_utc": "2026-10-03T06:47:26.266784+00:00",
    "end_utc": "2026-10-03T06:47:27.382195+00:00",
    "elapsed_seconds": 1.1150015001185238,
    "checker_seconds": 0.0009163999930024147,
    "candidates_evaluated": 1,
    "original_generated_candidates": 1,
    "original_generated_forwards": 151,
    "original_generated_tokens": 151,
    "new_forward_calls": 0,
    "new_searches": 0,
    "new_simulation": 0,
    "new_candidates": 0,
    "original_quality_artifact_unchanged": true,
    "full_arm_or_execution_success": null,
    "scorer": null,
    "raw_roles_decoded": [
      "TRAIN"
    ],
    "decoded_ids": [
      "two_row_reach_283200_target0"
    ],
    "observation_sha256": "ef1cf5fd1a84506f9b9a669252b7094e1958ea9fa5a0fbab02e23b7b25327d1b",
    "source_sha256": {
      "scripts/evaluate_observed_two_row.py": "0053844beebc484f99c83b533ce200fbf89b4c9be605961904f9a0c55ec2eed6",
      "scripts/evaluate_observed_obstacles.py": "71b4b26182470be75bc6ecb4b52bb3a8fc55b5655ff593c3827a7538c8bc10b9",
      "scripts/collect_observed_two_row_pilot.py": "961e60736de5784fd9d9064ad24128177b33828812a3f02fb468adda6fdfc5fd",
      "scripts/collect_obstacle_reach.py": "994c38ce94e6016386439c6245807e9b9f9a00ff706fb80bd454b05b9ee60dcc"
    },
    "labels_index_sha256": "cec0f0f27f9578fe368675b36f20d4911ebbb275d8d4f992d5a4ccdcc534c686"
  }
}
