{
  "protocol": "local_frozen_eba_pilot4_quality_v1",
  "source_commit": "eba09945ecade4bdb9a5b4ab123a92da898283ed",
  "source_manifest_sha256": "6b779adf227e2822ecf224debb65161c035a2d010ef4c98051d70fc94ee86baf",
  "analysis_source_sha256": "0ce3a7924e04d930dfbd79db9dcddc3a02b1d4e4e599158268ce2db31e9d394b",
  "input_index_sha256": "e1954913e2283f7a2d08426f167bc2e61cbac67e34eb89a46e177dc6dbdfb535",
  "archive_original_files_verified": 241,
  "model_calls": 0,
  "simulator_calls": 0,
  "new_searches": 0,
  "new_route_proposals": 0,
  "raw_roles_opened": [
    "TRAIN"
  ],
  "parents": [
    {
      "parent_id": "layout_variation_401000",
      "index": 0,
      "obstacle_count": 1,
      "post_heights": [
        0.1
      ],
      "accepted": 25,
      "failed": 2,
      "known_positive": 23,
      "unknown_positive": 2,
      "known_duplicates": 14,
      "exact_pose_hash_duplicates": 0,
      "strict_restore_exact": 27,
      "constant_open_traces": 27,
      "registered_geometry_1mm_sha256": "524cfebd5342661af526cdbed4afbfc93477302523bc90afb5a82054f23c2e11",
      "actual_geometry_1mm_sha256": "524cfebd5342661af526cdbed4afbfc93477302523bc90afb5a82054f23c2e11",
      "initial_visible_post_pixels": [
        192
      ],
      "target_visible_pixels": [
        157,
        152,
        157
      ],
      "collection_body_seconds": 141.73820895608515,
      "planning_api_entry_counts": {
        "route:get_path": 108,
        "route:get_linear_path": 108,
        "route:generateIkPath": 108,
        "route:get_nonlinear_path": 30,
        "route:solve_ik_via_sampling": 30,
        "route:simGetConfigForTipPose": 30
      },
      "planning_seconds": 11.878890031948686,
      "simulation_seconds": 29.057955283904448
    },
    {
      "parent_id": "layout_variation_401001",
      "index": 1,
      "obstacle_count": 1,
      "post_heights": [
        0.18
      ],
      "accepted": 8,
      "failed": 19,
      "known_positive": 8,
      "unknown_positive": 0,
      "known_duplicates": 5,
      "exact_pose_hash_duplicates": 0,
      "strict_restore_exact": 27,
      "constant_open_traces": 27,
      "registered_geometry_1mm_sha256": "8896e71198a6f0316ee1f4f8171ffc3305b38b45cea4106da82bd70cee483ecb",
      "actual_geometry_1mm_sha256": "8896e71198a6f0316ee1f4f8171ffc3305b38b45cea4106da82bd70cee483ecb",
      "initial_visible_post_pixels": [
        334
      ],
      "target_visible_pixels": [
        161,
        152,
        161
      ],
      "collection_body_seconds": 183.36785283009522,
      "planning_api_entry_counts": {
        "route:get_path": 72,
        "route:get_linear_path": 72,
        "route:generateIkPath": 72,
        "route:get_nonlinear_path": 45,
        "route:solve_ik_via_sampling": 45,
        "route:simGetConfigForTipPose": 5154
      },
      "planning_seconds": 66.5521861014422,
      "simulation_seconds": 21.84973378421273
    },
    {
      "parent_id": "layout_variation_401002",
      "index": 2,
      "obstacle_count": 2,
      "post_heights": [
        0.12
      ],
      "accepted": 26,
      "failed": 1,
      "known_positive": 25,
      "unknown_positive": 1,
      "known_duplicates": 13,
      "exact_pose_hash_duplicates": 0,
      "strict_restore_exact": 27,
      "constant_open_traces": 27,
      "registered_geometry_1mm_sha256": "fda261cf3990ec7a69887ac50778169e6000f307f6564c6dc04287190f3fc4ef",
      "actual_geometry_1mm_sha256": "fda261cf3990ec7a69887ac50778169e6000f307f6564c6dc04287190f3fc4ef",
      "initial_visible_post_pixels": [
        246,
        246
      ],
      "target_visible_pixels": [
        157,
        152,
        157
      ],
      "collection_body_seconds": 139.36110051895957,
      "planning_api_entry_counts": {
        "route:get_path": 108,
        "route:get_linear_path": 108,
        "route:generateIkPath": 108,
        "route:get_nonlinear_path": 33,
        "route:solve_ik_via_sampling": 33,
        "route:simGetConfigForTipPose": 33
      },
      "planning_seconds": 13.413804852752946,
      "simulation_seconds": 28.051742550334893
    },
    {
      "parent_id": "layout_variation_401003",
      "index": 3,
      "obstacle_count": 2,
      "post_heights": [
        0.18
      ],
      "accepted": 6,
      "failed": 21,
      "known_positive": 6,
      "unknown_positive": 0,
      "known_duplicates": 2,
      "exact_pose_hash_duplicates": 0,
      "strict_restore_exact": 27,
      "constant_open_traces": 27,
      "registered_geometry_1mm_sha256": "1006233070fd5616b81731c95fa7630bfe27e506758e3de9ff1e2f98c213e034",
      "actual_geometry_1mm_sha256": "1006233070fd5616b81731c95fa7630bfe27e506758e3de9ff1e2f98c213e034",
      "initial_visible_post_pixels": [
        376,
        394
      ],
      "target_visible_pixels": [
        161,
        152,
        161
      ],
      "collection_body_seconds": 196.51334346504882,
      "planning_api_entry_counts": {
        "route:get_path": 65,
        "route:get_linear_path": 65,
        "route:generateIkPath": 65,
        "route:get_nonlinear_path": 49,
        "route:solve_ik_via_sampling": 49,
        "route:simGetConfigForTipPose": 6212
      },
      "planning_seconds": 80.24646797566675,
      "simulation_seconds": 21.852108170860447
    }
  ],
  "conditions": [
    {
      "id": "layout_variation_401000_target0",
      "parent_id": "layout_variation_401000",
      "target_index": 0,
      "requested": 9,
      "attempted": 9,
      "accepted": 8,
      "known_unique": 3,
      "known_positive": 8,
      "known_duplicate": 5,
      "unknown_positive": 0,
      "type_counts": {
        "gap1": 3,
        "over": 3,
        "gap0": 2
      },
      "all_solution_count": null,
      "reference_set_complete": false
    },
    {
      "id": "layout_variation_401000_target1",
      "parent_id": "layout_variation_401000",
      "target_index": 1,
      "requested": 9,
      "attempted": 9,
      "accepted": 8,
      "known_unique": 3,
      "known_positive": 7,
      "known_duplicate": 4,
      "unknown_positive": 1,
      "type_counts": {
        "gap1": 2,
        "over": 3,
        "gap0": 2
      },
      "all_solution_count": null,
      "reference_set_complete": false
    },
    {
      "id": "layout_variation_401000_target2",
      "parent_id": "layout_variation_401000",
      "target_index": 2,
      "requested": 9,
      "attempted": 9,
      "accepted": 9,
      "known_unique": 3,
      "known_positive": 8,
      "known_duplicate": 5,
      "unknown_positive": 1,
      "type_counts": {
        "gap0": 2,
        "gap1": 3,
        "over": 3
      },
      "all_solution_count": null,
      "reference_set_complete": false
    },
    {
      "id": "layout_variation_401001_target0",
      "parent_id": "layout_variation_401001",
      "target_index": 0,
      "requested": 9,
      "attempted": 9,
      "accepted": 3,
      "known_unique": 1,
      "known_positive": 3,
      "known_duplicate": 2,
      "unknown_positive": 0,
      "type_counts": {
        "over": 3
      },
      "all_solution_count": null,
      "reference_set_complete": false
    },
    {
      "id": "layout_variation_401001_target1",
      "parent_id": "layout_variation_401001",
      "target_index": 1,
      "requested": 9,
      "attempted": 9,
      "accepted": 3,
      "known_unique": 1,
      "known_positive": 3,
      "known_duplicate": 2,
      "unknown_positive": 0,
      "type_counts": {
        "over": 3
      },
      "all_solution_count": null,
      "reference_set_complete": false
    },
    {
      "id": "layout_variation_401001_target2",
      "parent_id": "layout_variation_401001",
      "target_index": 2,
      "requested": 9,
      "attempted": 9,
      "accepted": 2,
      "known_unique": 1,
      "known_positive": 2,
      "known_duplicate": 1,
      "unknown_positive": 0,
      "type_counts": {
        "over": 2
      },
      "all_solution_count": null,
      "reference_set_complete": false
    },
    {
      "id": "layout_variation_401002_target0",
      "parent_id": "layout_variation_401002",
      "target_index": 0,
      "requested": 9,
      "attempted": 9,
      "accepted": 9,
      "known_unique": 4,
      "known_positive": 9,
      "known_duplicate": 5,
      "unknown_positive": 0,
      "type_counts": {
        "over": 3,
        "gap1": 2,
        "gap2": 2,
        "gap0": 2
      },
      "all_solution_count": null,
      "reference_set_complete": false
    },
    {
      "id": "layout_variation_401002_target1",
      "parent_id": "layout_variation_401002",
      "target_index": 1,
      "requested": 9,
      "attempted": 9,
      "accepted": 9,
      "known_unique": 4,
      "known_positive": 9,
      "known_duplicate": 5,
      "unknown_positive": 0,
      "type_counts": {
        "gap0": 3,
        "gap1": 2,
        "gap2": 2,
        "over": 2
      },
      "all_solution_count": null,
      "reference_set_complete": false
    },
    {
      "id": "layout_variation_401002_target2",
      "parent_id": "layout_variation_401002",
      "target_index": 2,
      "requested": 9,
      "attempted": 9,
      "accepted": 8,
      "known_unique": 4,
      "known_positive": 7,
      "known_duplicate": 3,
      "unknown_positive": 1,
      "type_counts": {
        "gap0": 1,
        "gap1": 2,
        "gap2": 2,
        "over": 2
      },
      "all_solution_count": null,
      "reference_set_complete": false
    },
    {
      "id": "layout_variation_401003_target0",
      "parent_id": "layout_variation_401003",
      "target_index": 0,
      "requested": 9,
      "attempted": 9,
      "accepted": 1,
      "known_unique": 1,
      "known_positive": 1,
      "known_duplicate": 0,
      "unknown_positive": 0,
      "type_counts": {
        "over": 1
      },
      "all_solution_count": null,
      "reference_set_complete": false
    },
    {
      "id": "layout_variation_401003_target1",
      "parent_id": "layout_variation_401003",
      "target_index": 1,
      "requested": 9,
      "attempted": 9,
      "accepted": 2,
      "known_unique": 1,
      "known_positive": 2,
      "known_duplicate": 1,
      "unknown_positive": 0,
      "type_counts": {
        "over": 2
      },
      "all_solution_count": null,
      "reference_set_complete": false
    },
    {
      "id": "layout_variation_401003_target2",
      "parent_id": "layout_variation_401003",
      "target_index": 2,
      "requested": 9,
      "attempted": 9,
      "accepted": 3,
      "known_unique": 2,
      "known_positive": 3,
      "known_duplicate": 1,
      "unknown_positive": 0,
      "type_counts": {
        "over": 2,
        "gap2": 1
      },
      "all_solution_count": null,
      "reference_set_complete": false
    }
  ],
  "requested_parents": 4,
  "requested_conditions": 12,
  "requested_slots": 108,
  "attempted_slots": 108,
  "accepted": 65,
  "failed": 43,
  "unknown_positive": 3,
  "known_positive": 62,
  "known_duplicate_positive": 34,
  "exact_pose_hash_duplicates": 0,
  "strict_restore_exact": 108,
  "constant_open_traces": 108,
  "all_original_accepted_raw_and_h24_checks_reproduced": true,
  "all_saved_accepted_H24_and_H64_arrays_bit_exact": true,
  "failure_categories": {
    "complete_route_acceptance_rejected": 4,
    "planning_no_path": 37,
    "executed_full_body_collision": 2
  },
  "complete_postcheck_failure_components_nonexclusive": {
    "endpoint_gt_3cm": 0,
    "raw_tip_collision": 2,
    "h24_tip_collision": 3,
    "type_instability": 1
  },
  "recorded_collision_pairs": {
    "arm_environment": 2
  },
  "accepted_length_m": {
    "n": 65,
    "min": 0.4862261925906966,
    "median": 0.7413509488393909,
    "mean": 0.8702755827793923,
    "p95": 1.5751570601118092,
    "max": 2.5587894738964727
  },
  "accepted_maximum_height_m": {
    "n": 65,
    "min": 0.8647353053092957,
    "median": 0.9597151279449463,
    "mean": 1.013370156288147,
    "p95": 1.2971812725067138,
    "max": 1.6070328950881958
  },
  "accepted_longer_than_2m": 2,
  "accepted_longer_than_3m": 0,
  "any_positive_conditions": 12,
  "conditions_known_types_more_than4": 0,
  "known_type_count_lower_bounds": [
    3,
    3,
    3,
    1,
    1,
    1,
    4,
    4,
    4,
    1,
    1,
    2
  ],
  "all_solution_count": null,
  "collection_outer_seconds": 672.207513,
  "collection_body_sum_seconds": 660.9805057701888,
  "collection_attempt_sum_seconds": 583.5803088406101,
  "restore_sum_seconds": 288.24925604078453,
  "planning_sum_seconds": 172.09134896181058,
  "simulation_sum_seconds": 100.81153978931252,
  "explicit_get_path_calls": 353,
  "simulated_steps": 13624,
  "cost_scope": "Outer contains worker/body/restore/planning/simulation; do not add nested costs",
  "analysis_elapsed_seconds": 46.83459510002285,
  "limitations": [
    "Full-body safety here is the original discrete simulation-step check, not a new replay or continuous certificate.",
    "This uses collector arc H24, not a subsequent model event-aware representation audit.",
    "Only first4 TRAIN1/2-post layouts; no4/6-post or open/closed witness certification yet.",
    "The native scene export exists but roundtrip_verified remains false."
  ]
}
